Archive member included to satisfy reference by file (symbol)

c:/intelfpga_lite/23.1std/nios2eds/bin/gnu/h-x86_64-mingw32/bin/../lib/gcc/nios2-elf/12.3.1/../../../../../H-x86_64-mingw32/nios2-elf/lib\libm.a(libm_a-w_exp.o)
                              obj/default/main.o (exp)
c:/intelfpga_lite/23.1std/nios2eds/bin/gnu/h-x86_64-mingw32/bin/../lib/gcc/nios2-elf/12.3.1/../../../../../H-x86_64-mingw32/nios2-elf/lib\libm.a(libm_a-s_finite.o)
                              c:/intelfpga_lite/23.1std/nios2eds/bin/gnu/h-x86_64-mingw32/bin/../lib/gcc/nios2-elf/12.3.1/../../../../../H-x86_64-mingw32/nios2-elf/lib\libm.a(libm_a-w_exp.o) (finite)
c:/intelfpga_lite/23.1std/nios2eds/bin/gnu/h-x86_64-mingw32/bin/../lib/gcc/nios2-elf/12.3.1/../../../../../H-x86_64-mingw32/nios2-elf/lib\libm.a(libm_a-e_exp.o)
                              c:/intelfpga_lite/23.1std/nios2eds/bin/gnu/h-x86_64-mingw32/bin/../lib/gcc/nios2-elf/12.3.1/../../../../../H-x86_64-mingw32/nios2-elf/lib\libm.a(libm_a-w_exp.o) (__ieee754_exp)
c:/intelfpga_lite/23.1std/nios2eds/bin/gnu/h-x86_64-mingw32/bin/../lib/gcc/nios2-elf/12.3.1/../../../../../H-x86_64-mingw32/nios2-elf/lib\libm.a(libm_a-math_err.o)
                              c:/intelfpga_lite/23.1std/nios2eds/bin/gnu/h-x86_64-mingw32/bin/../lib/gcc/nios2-elf/12.3.1/../../../../../H-x86_64-mingw32/nios2-elf/lib\libm.a(libm_a-e_exp.o) (__math_uflow)
c:/intelfpga_lite/23.1std/nios2eds/bin/gnu/h-x86_64-mingw32/bin/../lib/gcc/nios2-elf/12.3.1\libgcc.a(lib2-divmod.o)
                              obj/default/main.o (__divsi3)
c:/intelfpga_lite/23.1std/nios2eds/bin/gnu/h-x86_64-mingw32/bin/../lib/gcc/nios2-elf/12.3.1\libgcc.a(addsf3.o)
                              obj/default/main.o (__addsf3)
c:/intelfpga_lite/23.1std/nios2eds/bin/gnu/h-x86_64-mingw32/bin/../lib/gcc/nios2-elf/12.3.1\libgcc.a(divsf3.o)
                              obj/default/main.o (__divsf3)
c:/intelfpga_lite/23.1std/nios2eds/bin/gnu/h-x86_64-mingw32/bin/../lib/gcc/nios2-elf/12.3.1\libgcc.a(gesf2.o)
                              obj/default/main.o (__gtsf2)
c:/intelfpga_lite/23.1std/nios2eds/bin/gnu/h-x86_64-mingw32/bin/../lib/gcc/nios2-elf/12.3.1\libgcc.a(lesf2.o)
                              obj/default/main.o (__ltsf2)
c:/intelfpga_lite/23.1std/nios2eds/bin/gnu/h-x86_64-mingw32/bin/../lib/gcc/nios2-elf/12.3.1\libgcc.a(mulsf3.o)
                              obj/default/image.o (__mulsf3)
c:/intelfpga_lite/23.1std/nios2eds/bin/gnu/h-x86_64-mingw32/bin/../lib/gcc/nios2-elf/12.3.1\libgcc.a(subsf3.o)
                              obj/default/main.o (__subsf3)
c:/intelfpga_lite/23.1std/nios2eds/bin/gnu/h-x86_64-mingw32/bin/../lib/gcc/nios2-elf/12.3.1\libgcc.a(floatunsisf.o)
                              obj/default/image.o (__floatunsisf)
c:/intelfpga_lite/23.1std/nios2eds/bin/gnu/h-x86_64-mingw32/bin/../lib/gcc/nios2-elf/12.3.1\libgcc.a(adddf3.o)
                              c:/intelfpga_lite/23.1std/nios2eds/bin/gnu/h-x86_64-mingw32/bin/../lib/gcc/nios2-elf/12.3.1/../../../../../H-x86_64-mingw32/nios2-elf/lib\libm.a(libm_a-e_exp.o) (__adddf3)
c:/intelfpga_lite/23.1std/nios2eds/bin/gnu/h-x86_64-mingw32/bin/../lib/gcc/nios2-elf/12.3.1\libgcc.a(divdf3.o)
                              c:/intelfpga_lite/23.1std/nios2eds/bin/gnu/h-x86_64-mingw32/bin/../lib/gcc/nios2-elf/12.3.1/../../../../../H-x86_64-mingw32/nios2-elf/lib\libm.a(libm_a-e_exp.o) (__divdf3)
c:/intelfpga_lite/23.1std/nios2eds/bin/gnu/h-x86_64-mingw32/bin/../lib/gcc/nios2-elf/12.3.1\libgcc.a(eqdf2.o)
                              c:/intelfpga_lite/23.1std/nios2eds/bin/gnu/h-x86_64-mingw32/bin/../lib/gcc/nios2-elf/12.3.1/../../../../../H-x86_64-mingw32/nios2-elf/lib\libm.a(libm_a-math_err.o) (__nedf2)
c:/intelfpga_lite/23.1std/nios2eds/bin/gnu/h-x86_64-mingw32/bin/../lib/gcc/nios2-elf/12.3.1\libgcc.a(gedf2.o)
                              c:/intelfpga_lite/23.1std/nios2eds/bin/gnu/h-x86_64-mingw32/bin/../lib/gcc/nios2-elf/12.3.1/../../../../../H-x86_64-mingw32/nios2-elf/lib\libm.a(libm_a-w_exp.o) (__gtdf2)
c:/intelfpga_lite/23.1std/nios2eds/bin/gnu/h-x86_64-mingw32/bin/../lib/gcc/nios2-elf/12.3.1\libgcc.a(ledf2.o)
                              c:/intelfpga_lite/23.1std/nios2eds/bin/gnu/h-x86_64-mingw32/bin/../lib/gcc/nios2-elf/12.3.1/../../../../../H-x86_64-mingw32/nios2-elf/lib\libm.a(libm_a-math_err.o) (__ledf2)
c:/intelfpga_lite/23.1std/nios2eds/bin/gnu/h-x86_64-mingw32/bin/../lib/gcc/nios2-elf/12.3.1\libgcc.a(muldf3.o)
                              c:/intelfpga_lite/23.1std/nios2eds/bin/gnu/h-x86_64-mingw32/bin/../lib/gcc/nios2-elf/12.3.1/../../../../../H-x86_64-mingw32/nios2-elf/lib\libm.a(libm_a-e_exp.o) (__muldf3)
c:/intelfpga_lite/23.1std/nios2eds/bin/gnu/h-x86_64-mingw32/bin/../lib/gcc/nios2-elf/12.3.1\libgcc.a(subdf3.o)
                              c:/intelfpga_lite/23.1std/nios2eds/bin/gnu/h-x86_64-mingw32/bin/../lib/gcc/nios2-elf/12.3.1/../../../../../H-x86_64-mingw32/nios2-elf/lib\libm.a(libm_a-e_exp.o) (__subdf3)
[...]
Memory Configuration

Name             Origin             Length             Attributes
reset            0x00000000         0x00000020
c0_rom           0x00000020         0x00015f70
c0_ram           0x00100000         0x00088b80
*default*        0x00000000         0xffffffff

Linker script and memory map

LOAD c:/Users/pedro/OneDrive/Documentos/CNN-paralel/Software/c0_bsp//obj/HAL/src/crt0.o
LOAD obj/default/image.o
LOAD obj/default/main.o
LOAD c:/intelfpga_lite/23.1std/nios2eds/bin/gnu/h-x86_64-mingw32/bin/../lib/gcc/nios2-elf/12.3.1/../../../../../H-x86_64-mingw32/nios2-elf/lib\libstdc++.a
LOAD c:/intelfpga_lite/23.1std/nios2eds/bin/gnu/h-x86_64-mingw32/bin/../lib/gcc/nios2-elf/12.3.1/../../../../../H-x86_64-mingw32/nios2-elf/lib\libm.a
LOAD c:/intelfpga_lite/23.1std/nios2eds/bin/gnu/h-x86_64-mingw32/bin/../lib/gcc/nios2-elf/12.3.1\libgcc.a
START GROUP
LOAD c:/intelfpga_lite/23.1std/nios2eds/bin/gnu/h-x86_64-mingw32/bin/../lib/gcc/nios2-elf/12.3.1/../../../../../H-x86_64-mingw32/nios2-elf/lib\libc.a
LOAD c:/intelfpga_lite/23.1std/nios2eds/bin/gnu/h-x86_64-mingw32/bin/../lib/gcc/nios2-elf/12.3.1\libgcc.a
LOAD c:/Users/pedro/OneDrive/Documentos/CNN-paralel/Software/c0_bsp/\libhal_bsp.a
LOAD c:/intelfpga_lite/23.1std/nios2eds/bin/gnu/h-x86_64-mingw32/bin/../lib/gcc/nios2-elf/12.3.1/../../../../../H-x86_64-mingw32/nios2-elf/lib\libm.a
END GROUP
LOAD c:/intelfpga_lite/23.1std/nios2eds/bin/gnu/h-x86_64-mingw32/bin/../lib/gcc/nios2-elf/12.3.1\libgcc.a
                0x00000000                        __alt_mem_c0_rom = 0x0
                0x00100000                        __alt_mem_c0_ram = 0x100000

.entry          0x00000000       0x20
 *(.entry)
 .entry         0x00000000       0x20 c:/Users/pedro/OneDrive/Documentos/CNN-paralel/Software/c0_bsp//obj/HAL/src/crt0.o
                0x00000000                __reset
                0x0000000c                _exit

.exceptions     0x00000020        0x0
                0x00000020                        PROVIDE (__ram_exceptions_start = ABSOLUTE (.))
                0x00000020                        . = ALIGN (0x20)
 *(.irq)
 *(.exceptions.entry.label)
 *(.exceptions.entry.user)
 *(.exceptions.entry.ecc_fatal)
 *(.exceptions.entry)
 *(.exceptions.irqtest.user)
 *(.exceptions.irqtest)
 *(.exceptions.irqhandler.user)
 *(.exceptions.irqhandler)
 *(.exceptions.irqreturn.user)
 *(.exceptions.irqreturn)
 *(.exceptions.notirq.label)
 *(.exceptions.notirq.user)
 *(.exceptions.notirq)
 *(.exceptions.soft.user)
 *(.exceptions.soft)
 *(.exceptions.unknown.user)
 *(.exceptions.unknown)
 *(.exceptions.exit.label)
 *(.exceptions.exit.user)
 *(.exceptions.exit)
 *(.exceptions)
                0x00000020                        PROVIDE (__ram_exceptions_end = ABSOLUTE (.))
                0x00000020                        PROVIDE (__flash_exceptions_start = LOADADDR (.exceptions))

.text           0x00000020    0x11b7c
                [!provide]                        PROVIDE (stext = ABSOLUTE (.))
 *(.interp)
 *(.hash)
 *(.dynsym)
 *(.dynstr)
 *(.gnu.version)
 *(.gnu.version_d)
 *(.gnu.version_r)
 *(.rel.init)
 *(.rela.init)
 *(.rel.text .rel.text.* .rel.gnu.linkonce.t.*)
 *(.rela.text .rela.text.* .rela.gnu.linkonce.t.*)
 *(.rel.fini)
 *(.rela.fini)
 *(.rel.rodata .rel.rodata.* .rel.gnu.linkonce.r.*)
 *(.rela.rodata .rela.rodata.* .rela.gnu.linkonce.r.*)
 *(.rel.data .rel.data.* .rel.gnu.linkonce.d.*)
 *(.rela.data .rela.data.* .rela.gnu.linkonce.d.*)
 *(.rel.tdata .rel.tdata.* .rel.gnu.linkonce.td.*)
 *(.rela.tdata .rela.tdata.* .rela.gnu.linkonce.td.*)
 *(.rel.tbss .rel.tbss.* .rel.gnu.linkonce.tb.*)
 *(.rela.tbss .rela.tbss.* .rela.gnu.linkonce.tb.*)
 *(.rel.ctors)
 *(.rela.ctors)
 *(.rel.dtors)
 *(.rela.dtors)
 *(.rel.got)
 *(.rela.got)
 *(.rel.sdata .rel.sdata.* .rel.gnu.linkonce.s.*)
 *(.rela.sdata .rela.sdata.* .rela.gnu.linkonce.s.*)
 *(.rel.sbss .rel.sbss.* .rel.gnu.linkonce.sb.*)
 *(.rela.sbss .rela.sbss.* .rela.gnu.linkonce.sb.*)
 *(.rel.sdata2 .rel.sdata2.* .rel.gnu.linkonce.s2.*)
 *(.rela.sdata2 .rela.sdata2.* .rela.gnu.linkonce.s2.*)
 *(.rel.sbss2 .rel.sbss2.* .rel.gnu.linkonce.sb2.*)
 *(.rela.sbss2 .rela.sbss2.* .rela.gnu.linkonce.sb2.*)
 *(.rel.bss .rel.bss.* .rel.gnu.linkonce.b.*)
 *(.rela.bss .rela.bss.* .rela.gnu.linkonce.b.*)
 *(.rel.plt)
 *(.rela.plt)
 *(.rel.dyn)
 *(.init)
 *(.plt)
 *(.text .stub .text.* .gnu.linkonce.t.*)
 .text          0x00000020       0x3c c:/Users/pedro/OneDrive/Documentos/CNN-paralel/Software/c0_bsp//obj/HAL/src/crt0.o
                0x00000020                _start
 .text          0x0000005c      0x198 obj/default/image.o
                0x0000005c                print_pgm
                0x000000fc                image_scale2float
                0x00000160                print_fp_image
 .text          0x000001f4      0xbb8 obj/default/main.o
                0x000001f4                print_fp
                0x000002e0                print_fp_mat
                0x0000039c                gemm
                0x000004d8                gemmBT
                0x00000614                transpose
                0x00000664                add_bias
                0x0000079c                prepare_matrixA
                0x0000087c                forward_softmax_layer
                0x00000990                forward_maxpool_layer
                0x00000ae8                forward_convolutional_layer
                0x00000b64                forward_connected_layer
                0x00000bdc                predict_mnist
                0x00000bfc                define_memory_regions
                0x00000cb4                upload_images_and_weights
 .text.startup  0x00000dac      0x144 obj/default/main.o
                0x00000dac                main
 .text          0x00000ef0        0x0 c:/intelfpga_lite/23.1std/nios2eds/bin/gnu/h-x86_64-mingw32/bin/../lib/gcc/nios2-elf/12.3.1/../../../../../H-x86_64-mingw32/nios2-elf/lib\libm.a(libm_a-w_exp.o)
 .text.exp      0x00000ef0       0xcc c:/intelfpga_lite/23.1std/nios2eds/bin/gnu/h-x86_64-mingw32/bin/../lib/gcc/nios2-elf/12.3.1/../../../../../H-x86_64-mingw32/nios2-elf/lib\libm.a(libm_a-w_exp.o)
                0x00000ef0                exp
 .text          0x00000fbc        0x0 c:/intelfpga_lite/23.1std/nios2eds/bin/gnu/h-x86_64-mingw32/bin/../lib/gcc/nios2-elf/12.3.1/../../../../../H-x86_64-mingw32/nios2-elf/lib\libm.a(libm_a-s_finite.o)
 .text.finite   0x00000fbc       0x1c c:/intelfpga_lite/23.1std/nios2eds/bin/gnu/h-x86_64-mingw32/bin/../lib/gcc/nios2-elf/12.3.1/../../../../../H-x86_64-mingw32/nios2-elf/lib\libm.a(libm_a-s_finite.o)
                0x00000fbc                finite
 .text          0x00000fd8        0x0 c:/intelfpga_lite/23.1std/nios2eds/bin/gnu/h-x86_64-mingw32/bin/../lib/gcc/nios2-elf/12.3.1/../../../../../H-x86_64-mingw32/nios2-elf/lib\libm.a(libm_a-e_exp.o)
 .text.__ieee754_exp
                0x00000fd8      0x51c c:/intelfpga_lite/23.1std/nios2eds/bin/gnu/h-x86_64-mingw32/bin/../lib/gcc/nios2-elf/12.3.1/../../../../../H-x86_64-mingw32/nios2-elf/lib\libm.a(libm_a-e_exp.o)
                0x00000fd8                __ieee754_exp
 .text          0x000014f4        0x0 c:/intelfpga_lite/23.1std/nios2eds/bin/gnu/h-x86_64-mingw32/bin/../lib/gcc/nios2-elf/12.3.1/../../../../../H-x86_64-mingw32/nios2-elf/lib\libm.a(libm_a-math_err.o)
 .text.with_errno
                0x000014f4       0x48 c:/intelfpga_lite/23.1std/nios2eds/bin/gnu/h-x86_64-mingw32/bin/../lib/gcc/nios2-elf/12.3.1/../../../../../H-x86_64-mingw32/nios2-elf/lib\libm.a(libm_a-math_err.o)
 .text.xflow    0x0000153c       0x50 c:/intelfpga_lite/23.1std/nios2eds/bin/gnu/h-x86_64-mingw32/bin/../lib/gcc/nios2-elf/12.3.1/../../../../../H-x86_64-mingw32/nios2-elf/lib\libm.a(libm_a-math_err.o)
 .text.__math_uflow
                0x0000158c        0xc c:/intelfpga_lite/23.1std/nios2eds/bin/gnu/h-x86_64-mingw32/bin/../lib/gcc/nios2-elf/12.3.1/../../../../../H-x86_64-mingw32/nios2-elf/lib\libm.a(libm_a-math_err.o)
                0x0000158c                __math_uflow
 .text.__math_may_uflow
                0x00001598        0xc c:/intelfpga_lite/23.1std/nios2eds/bin/gnu/h-x86_64-mingw32/bin/../lib/gcc/nios2-elf/12.3.1/../../../../../H-x86_64-mingw32/nios2-elf/lib\libm.a(libm_a-math_err.o)
                0x00001598                __math_may_uflow
 .text.__math_oflow
                0x000015a4        0xc c:/intelfpga_lite/23.1std/nios2eds/bin/gnu/h-x86_64-mingw32/bin/../lib/gcc/nios2-elf/12.3.1/../../../../../H-x86_64-mingw32/nios2-elf/lib\libm.a(libm_a-math_err.o)
                0x000015a4                __math_oflow
 .text.__math_divzero
                0x000015b0       0x4c c:/intelfpga_lite/23.1std/nios2eds/bin/gnu/h-x86_64-mingw32/bin/../lib/gcc/nios2-elf/12.3.1/../../../../../H-x86_64-mingw32/nios2-elf/lib\libm.a(libm_a-math_err.o)
                0x000015b0                __math_divzero
 .text.__math_invalid
                0x000015fc       0xac c:/intelfpga_lite/23.1std/nios2eds/bin/gnu/h-x86_64-mingw32/bin/../lib/gcc/nios2-elf/12.3.1/../../../../../H-x86_64-mingw32/nios2-elf/lib\libm.a(libm_a-math_err.o)
                0x000015fc                __math_invalid
 .text.__math_check_uflow
                0x000016a8       0x64 c:/intelfpga_lite/23.1std/nios2eds/bin/gnu/h-x86_64-mingw32/bin/../lib/gcc/nios2-elf/12.3.1/../../../../../H-x86_64-mingw32/nios2-elf/lib\libm.a(libm_a-math_err.o)
                0x000016a8                __math_check_uflow
 .text.__math_check_oflow
                0x0000170c       0xa0 c:/intelfpga_lite/23.1std/nios2eds/bin/gnu/h-x86_64-mingw32/bin/../lib/gcc/nios2-elf/12.3.1/../../../../../H-x86_64-mingw32/nios2-elf/lib\libm.a(libm_a-math_err.o)
                0x0000170c                __math_check_oflow
 .text          0x000017ac      0x1b4 c:/intelfpga_lite/23.1std/nios2eds/bin/gnu/h-x86_64-mingw32/bin/../lib/gcc/nios2-elf/12.3.1\libgcc.a(lib2-divmod.o)
                0x000017ac                __divsi3
                0x0000182c                __modsi3
                0x000018a0                __udivsi3
                0x00001904                __umodsi3
 .text          0x00001960      0x494 c:/intelfpga_lite/23.1std/nios2eds/bin/gnu/h-x86_64-mingw32/bin/../lib/gcc/nios2-elf/12.3.1\libgcc.a(addsf3.o)
                0x00001960                __addsf3
 .text          0x00001df4      0x418 c:/intelfpga_lite/23.1std/nios2eds/bin/gnu/h-x86_64-mingw32/bin/../lib/gcc/nios2-elf/12.3.1\libgcc.a(divsf3.o)
                0x00001df4                __divsf3
 .text          0x0000220c       0xd4 c:/intelfpga_lite/23.1std/nios2eds/bin/gnu/h-x86_64-mingw32/bin/../lib/gcc/nios2-elf/12.3.1\libgcc.a(gesf2.o)
                0x0000220c                __gesf2
                0x0000220c                __gtsf2
 .text          0x000022e0       0xd0 c:/intelfpga_lite/23.1std/nios2eds/bin/gnu/h-x86_64-mingw32/bin/../lib/gcc/nios2-elf/12.3.1\libgcc.a(lesf2.o)
                0x000022e0                __ltsf2
                0x000022e0                __lesf2
 .text          0x000023b0      0x3e8 c:/intelfpga_lite/23.1std/nios2eds/bin/gnu/h-x86_64-mingw32/bin/../lib/gcc/nios2-elf/12.3.1\libgcc.a(mulsf3.o)
                0x000023b0                __mulsf3
 .text          0x00002798      0x524 c:/intelfpga_lite/23.1std/nios2eds/bin/gnu/h-x86_64-mingw32/bin/../lib/gcc/nios2-elf/12.3.1\libgcc.a(subsf3.o)
                0x00002798                __subsf3
 .text          0x00002cbc      0x10c c:/intelfpga_lite/23.1std/nios2eds/bin/gnu/h-x86_64-mingw32/bin/../lib/gcc/nios2-elf/12.3.1\libgcc.a(floatunsisf.o)
                0x00002cbc                __floatunsisf
 .text          0x00002dc8      0x904 c:/intelfpga_lite/23.1std/nios2eds/bin/gnu/h-x86_64-mingw32/bin/../lib/gcc/nios2-elf/12.3.1\libgcc.a(adddf3.o)
                0x00002dc8                __adddf3
 .text          0x000036cc      0x848 c:/intelfpga_lite/23.1std/nios2eds/bin/gnu/h-x86_64-mingw32/bin/../lib/gcc/nios2-elf/12.3.1\libgcc.a(divdf3.o)
                0x000036cc                __divdf3
 .text          0x00003f14       0x94 c:/intelfpga_lite/23.1std/nios2eds/bin/gnu/h-x86_64-mingw32/bin/../lib/gcc/nios2-elf/12.3.1\libgcc.a(eqdf2.o)
                0x00003f14                __nedf2
                0x00003f14                __eqdf2
 .text          0x00003fa8       0xfc c:/intelfpga_lite/23.1std/nios2eds/bin/gnu/h-x86_64-mingw32/bin/../lib/gcc/nios2-elf/12.3.1\libgcc.a(gedf2.o)
                0x00003fa8                __gedf2
                0x00003fa8                __gtdf2
 .text          0x000040a4       0xf8 c:/intelfpga_lite/23.1std/nios2eds/bin/gnu/h-x86_64-mingw32/bin/../lib/gcc/nios2-elf/12.3.1\libgcc.a(ledf2.o)
                0x000040a4                __ledf2
                0x000040a4                __ltdf2
 .text          0x0000419c      0x6d8 c:/intelfpga_lite/23.1std/nios2eds/bin/gnu/h-x86_64-mingw32/bin/../lib/gcc/nios2-elf/12.3.1\libgcc.a(muldf3.o)
                0x0000419c                __muldf3
 .text          0x00004874      0x99c c:/intelfpga_lite/23.1std/nios2eds/bin/gnu/h-x86_64-mingw32/bin/../lib/gcc/nios2-elf/12.3.1\libgcc.a(subdf3.o)
                0x00004874                __subdf3
 .text          0x00005210       0x54 c:/intelfpga_lite/23.1std/nios2eds/bin/gnu/h-x86_64-mingw32/bin/../lib/gcc/nios2-elf/12.3.1\libgcc.a(unorddf2.o)
                0x00005210                __unorddf2
 .text          0x00005264       0x80 c:/intelfpga_lite/23.1std/nios2eds/bin/gnu/h-x86_64-mingw32/bin/../lib/gcc/nios2-elf/12.3.1\libgcc.a(fixdfsi.o)
                0x00005264                __fixdfsi
 .text          0x000052e4       0xb8 c:/intelfpga_lite/23.1std/nios2eds/bin/gnu/h-x86_64-mingw32/bin/../lib/gcc/nios2-elf/12.3.1\libgcc.a(floatsidf.o)
                0x000052e4                __floatsidf
 .text          0x0000539c       0xfc c:/intelfpga_lite/23.1std/nios2eds/bin/gnu/h-x86_64-mingw32/bin/../lib/gcc/nios2-elf/12.3.1\libgcc.a(extendsfdf2.o)
                0x0000539c                __extendsfdf2
 .text          0x00005498      0x194 c:/intelfpga_lite/23.1std/nios2eds/bin/gnu/h-x86_64-mingw32/bin/../lib/gcc/nios2-elf/12.3.1\libgcc.a(truncdfsf2.o)
                0x00005498                __truncdfsf2
 .text          0x0000562c       0x50 c:/intelfpga_lite/23.1std/nios2eds/bin/gnu/h-x86_64-mingw32/bin/../lib/gcc/nios2-elf/12.3.1\libgcc.a(_clzsi2.o)
                0x0000562c                __clzsi2
 .text          0x0000567c        0x0 c:/intelfpga_lite/23.1std/nios2eds/bin/gnu/h-x86_64-mingw32/bin/../lib/gcc/nios2-elf/12.3.1\libgcc.a(_clz.o)
 .text          0x0000567c        0x0 c:/intelfpga_lite/23.1std/nios2eds/bin/gnu/h-x86_64-mingw32/bin/../lib/gcc/nios2-elf/12.3.1/../../../../../H-x86_64-mingw32/nios2-elf/lib\libc.a(libc_a-exit.o)
 .text.exit     0x0000567c       0x30 c:/intelfpga_lite/23.1std/nios2eds/bin/gnu/h-x86_64-mingw32/bin/../lib/gcc/nios2-elf/12.3.1/../../../../../H-x86_64-mingw32/nios2-elf/lib\libc.a(libc_a-exit.o)
                0x0000567c                exit
 .text          0x000056ac        0x0 c:/intelfpga_lite/23.1std/nios2eds/bin/gnu/h-x86_64-mingw32/bin/../lib/gcc/nios2-elf/12.3.1/../../../../../H-x86_64-mingw32/nios2-elf/lib\libc.a(libc_a-fclose.o)
 .text._fclose_r
                0x000056ac       0xf0 c:/intelfpga_lite/23.1std/nios2eds/bin/gnu/h-x86_64-mingw32/bin/../lib/gcc/nios2-elf/12.3.1/../../../../../H-x86_64-mingw32/nios2-elf/lib\libc.a(libc_a-fclose.o)
                0x000056ac                _fclose_r
 .text.fclose   0x0000579c       0x10 c:/intelfpga_lite/23.1std/nios2eds/bin/gnu/h-x86_64-mingw32/bin/../lib/gcc/nios2-elf/12.3.1/../../../../../H-x86_64-mingw32/nios2-elf/lib\libc.a(libc_a-fclose.o)
                0x0000579c                fclose
 .text          0x000057ac        0x0 c:/intelfpga_lite/23.1std/nios2eds/bin/gnu/h-x86_64-mingw32/bin/../lib/gcc/nios2-elf/12.3.1/../../../../../H-x86_64-mingw32/nios2-elf/lib\libc.a(libc_a-fflush.o)
 .text.__sflush_r
                0x000057ac      0x208 c:/intelfpga_lite/23.1std/nios2eds/bin/gnu/h-x86_64-mingw32/bin/../lib/gcc/nios2-elf/12.3.1/../../../../../H-x86_64-mingw32/nios2-elf/lib\libc.a(libc_a-fflush.o)
                0x000057ac                __sflush_r
 .text._fflush_r
                0x000059b4       0x5c c:/intelfpga_lite/23.1std/nios2eds/bin/gnu/h-x86_64-mingw32/bin/../lib/gcc/nios2-elf/12.3.1/../../../../../H-x86_64-mingw32/nios2-elf/lib\libc.a(libc_a-fflush.o)
                0x000059b4                _fflush_r
 .text.fflush   0x00005a10       0x8c c:/intelfpga_lite/23.1std/nios2eds/bin/gnu/h-x86_64-mingw32/bin/../lib/gcc/nios2-elf/12.3.1/../../../../../H-x86_64-mingw32/nios2-elf/lib\libc.a(libc_a-fflush.o)
                0x00005a10                fflush
 .text          0x00005a9c        0x0 c:/intelfpga_lite/23.1std/nios2eds/bin/gnu/h-x86_64-mingw32/bin/../lib/gcc/nios2-elf/12.3.1/../../../../../H-x86_64-mingw32/nios2-elf/lib\libc.a(libc_a-findfp.o)
 .text.__fp_lock
                0x00005a9c        0x8 c:/intelfpga_lite/23.1std/nios2eds/bin/gnu/h-x86_64-mingw32/bin/../lib/gcc/nios2-elf/12.3.1/../../../../../H-x86_64-mingw32/nios2-elf/lib\libc.a(libc_a-findfp.o)
 .text.stdio_exit_handler
                0x00005aa4       0x1c c:/intelfpga_lite/23.1std/nios2eds/bin/gnu/h-x86_64-mingw32/bin/../lib/gcc/nios2-elf/12.3.1/../../../../../H-x86_64-mingw32/nios2-elf/lib\libc.a(libc_a-findfp.o)
 .text.cleanup_stdio
                0x00005ac0       0x70 c:/intelfpga_lite/23.1std/nios2eds/bin/gnu/h-x86_64-mingw32/bin/../lib/gcc/nios2-elf/12.3.1/../../../../../H-x86_64-mingw32/nios2-elf/lib\libc.a(libc_a-findfp.o)
 .text.__fp_unlock
                0x00005b30        0x8 c:/intelfpga_lite/23.1std/nios2eds/bin/gnu/h-x86_64-mingw32/bin/../lib/gcc/nios2-elf/12.3.1/../../../../../H-x86_64-mingw32/nios2-elf/lib\libc.a(libc_a-findfp.o)
 .text.global_stdio_init.part.0
                0x00005b38      0x174 c:/intelfpga_lite/23.1std/nios2eds/bin/gnu/h-x86_64-mingw32/bin/../lib/gcc/nios2-elf/12.3.1/../../../../../H-x86_64-mingw32/nios2-elf/lib\libc.a(libc_a-findfp.o)
 .text.__sfp    0x00005cac      0x120 c:/intelfpga_lite/23.1std/nios2eds/bin/gnu/h-x86_64-mingw32/bin/../lib/gcc/nios2-elf/12.3.1/../../../../../H-x86_64-mingw32/nios2-elf/lib\libc.a(libc_a-findfp.o)
                0x00005cac                __sfp
 .text.__sinit  0x00005dcc       0x28 c:/intelfpga_lite/23.1std/nios2eds/bin/gnu/h-x86_64-mingw32/bin/../lib/gcc/nios2-elf/12.3.1/../../../../../H-x86_64-mingw32/nios2-elf/lib\libc.a(libc_a-findfp.o)
                0x00005dcc                __sinit
 .text.__sfp_lock_acquire
                0x00005df4        0x4 c:/intelfpga_lite/23.1std/nios2eds/bin/gnu/h-x86_64-mingw32/bin/../lib/gcc/nios2-elf/12.3.1/../../../../../H-x86_64-mingw32/nios2-elf/lib\libc.a(libc_a-findfp.o)
                0x00005df4                __sfp_lock_acquire
 .text.__sfp_lock_release
                0x00005df8        0x4 c:/intelfpga_lite/23.1std/nios2eds/bin/gnu/h-x86_64-mingw32/bin/../lib/gcc/nios2-elf/12.3.1/../../../../../H-x86_64-mingw32/nios2-elf/lib\libc.a(libc_a-findfp.o)
                0x00005df8                __sfp_lock_release
 .text.__fp_lock_all
                0x00005dfc       0x18 c:/intelfpga_lite/23.1std/nios2eds/bin/gnu/h-x86_64-mingw32/bin/../lib/gcc/nios2-elf/12.3.1/../../../../../H-x86_64-mingw32/nios2-elf/lib\libc.a(libc_a-findfp.o)
                0x00005dfc                __fp_lock_all
 .text.__fp_unlock_all
                0x00005e14       0x18 c:/intelfpga_lite/23.1std/nios2eds/bin/gnu/h-x86_64-mingw32/bin/../lib/gcc/nios2-elf/12.3.1/../../../../../H-x86_64-mingw32/nios2-elf/lib\libc.a(libc_a-findfp.o)
                0x00005e14                __fp_unlock_all
 .text          0x00005e2c        0x0 c:/intelfpga_lite/23.1std/nios2eds/bin/gnu/h-x86_64-mingw32/bin/../lib/gcc/nios2-elf/12.3.1/../../../../../H-x86_64-mingw32/nios2-elf/lib\libc.a(libc_a-fopen.o)
 .text._fopen_r
                0x00005e2c       0xf8 c:/intelfpga_lite/23.1std/nios2eds/bin/gnu/h-x86_64-mingw32/bin/../lib/gcc/nios2-elf/12.3.1/../../../../../H-x86_64-mingw32/nios2-elf/lib\libc.a(libc_a-fopen.o)
                0x00005e2c                _fopen_r
 .text.fopen    0x00005f24       0x18 c:/intelfpga_lite/23.1std/nios2eds/bin/gnu/h-x86_64-mingw32/bin/../lib/gcc/nios2-elf/12.3.1/../../../../../H-x86_64-mingw32/nios2-elf/lib\libc.a(libc_a-fopen.o)
                0x00005f24                fopen
 .text          0x00005f3c        0x0 c:/intelfpga_lite/23.1std/nios2eds/bin/gnu/h-x86_64-mingw32/bin/../lib/gcc/nios2-elf/12.3.1/../../../../../H-x86_64-mingw32/nios2-elf/lib\libc.a(libc_a-fread.o)
 .text._fread_r
                0x00005f3c      0x230 c:/intelfpga_lite/23.1std/nios2eds/bin/gnu/h-x86_64-mingw32/bin/../lib/gcc/nios2-elf/12.3.1/../../../../../H-x86_64-mingw32/nios2-elf/lib\libc.a(libc_a-fread.o)
                0x00005f3c                _fread_r
 .text.fread    0x0000616c       0x34 c:/intelfpga_lite/23.1std/nios2eds/bin/gnu/h-x86_64-mingw32/bin/../lib/gcc/nios2-elf/12.3.1/../../../../../H-x86_64-mingw32/nios2-elf/lib\libc.a(libc_a-fread.o)
                0x0000616c                fread
 .text          0x000061a0        0x0 c:/intelfpga_lite/23.1std/nios2eds/bin/gnu/h-x86_64-mingw32/bin/../lib/gcc/nios2-elf/12.3.1/../../../../../H-x86_64-mingw32/nios2-elf/lib\libc.a(libc_a-fseek.o)
 .text._fseek_r
                0x000061a0        0x4 c:/intelfpga_lite/23.1std/nios2eds/bin/gnu/h-x86_64-mingw32/bin/../lib/gcc/nios2-elf/12.3.1/../../../../../H-x86_64-mingw32/nios2-elf/lib\libc.a(libc_a-fseek.o)
                0x000061a0                _fseek_r
 .text.fseek    0x000061a4       0x1c c:/intelfpga_lite/23.1std/nios2eds/bin/gnu/h-x86_64-mingw32/bin/../lib/gcc/nios2-elf/12.3.1/../../../../../H-x86_64-mingw32/nios2-elf/lib\libc.a(libc_a-fseek.o)
                0x000061a4                fseek
 .text          0x000061c0        0x0 c:/intelfpga_lite/23.1std/nios2eds/bin/gnu/h-x86_64-mingw32/bin/../lib/gcc/nios2-elf/12.3.1/../../../../../H-x86_64-mingw32/nios2-elf/lib\libc.a(libc_a-fwalk.o)
 .text._fwalk_sglue
                0x000061c0       0xa8 c:/intelfpga_lite/23.1std/nios2eds/bin/gnu/h-x86_64-mingw32/bin/../lib/gcc/nios2-elf/12.3.1/../../../../../H-x86_64-mingw32/nios2-elf/lib\libc.a(libc_a-fwalk.o)
                0x000061c0                _fwalk_sglue
 .text          0x00006268        0x0 c:/intelfpga_lite/23.1std/nios2eds/bin/gnu/h-x86_64-mingw32/bin/../lib/gcc/nios2-elf/12.3.1/../../../../../H-x86_64-mingw32/nios2-elf/lib\libc.a(libc_a-printf.o)
 .text._printf_r
                0x00006268       0x30 c:/intelfpga_lite/23.1std/nios2eds/bin/gnu/h-x86_64-mingw32/bin/../lib/gcc/nios2-elf/12.3.1/../../../../../H-x86_64-mingw32/nios2-elf/lib\libc.a(libc_a-printf.o)
                0x00006268                _printf_r
 .text.printf   0x00006298       0x38 c:/intelfpga_lite/23.1std/nios2eds/bin/gnu/h-x86_64-mingw32/bin/../lib/gcc/nios2-elf/12.3.1/../../../../../H-x86_64-mingw32/nios2-elf/lib\libc.a(libc_a-printf.o)
                0x00006298                printf
 .text          0x000062d0        0x0 c:/intelfpga_lite/23.1std/nios2eds/bin/gnu/h-x86_64-mingw32/bin/../lib/gcc/nios2-elf/12.3.1/../../../../../H-x86_64-mingw32/nios2-elf/lib\libc.a(libc_a-putchar.o)
 .text._putchar_r
                0x000062d0        0x8 c:/intelfpga_lite/23.1std/nios2eds/bin/gnu/h-x86_64-mingw32/bin/../lib/gcc/nios2-elf/12.3.1/../../../../../H-x86_64-mingw32/nios2-elf/lib\libc.a(libc_a-putchar.o)
                0x000062d0                _putchar_r
 .text.putchar  0x000062d8       0x18 c:/intelfpga_lite/23.1std/nios2eds/bin/gnu/h-x86_64-mingw32/bin/../lib/gcc/nios2-elf/12.3.1/../../../../../H-x86_64-mingw32/nios2-elf/lib\libc.a(libc_a-putchar.o)
                0x000062d8                putchar
 .text          0x000062f0        0x0 c:/intelfpga_lite/23.1std/nios2eds/bin/gnu/h-x86_64-mingw32/bin/../lib/gcc/nios2-elf/12.3.1/../../../../../H-x86_64-mingw32/nios2-elf/lib\libc.a(libc_a-puts.o)
 .text._puts_r  0x000062f0       0xd0 c:/intelfpga_lite/23.1std/nios2eds/bin/gnu/h-x86_64-mingw32/bin/../lib/gcc/nios2-elf/12.3.1/../../../../../H-x86_64-mingw32/nios2-elf/lib\libc.a(libc_a-puts.o)
                0x000062f0                _puts_r
 .text.puts     0x000063c0       0x10 c:/intelfpga_lite/23.1std/nios2eds/bin/gnu/h-x86_64-mingw32/bin/../lib/gcc/nios2-elf/12.3.1/../../../../../H-x86_64-mingw32/nios2-elf/lib\libc.a(libc_a-puts.o)
                0x000063c0                puts
 .text          0x000063d0        0x0 c:/intelfpga_lite/23.1std/nios2eds/bin/gnu/h-x86_64-mingw32/bin/../lib/gcc/nios2-elf/12.3.1/../../../../../H-x86_64-mingw32/nios2-elf/lib\libc.a(libc_a-refill.o)
 .text.lflush   0x000063d0       0x24 c:/intelfpga_lite/23.1std/nios2eds/bin/gnu/h-x86_64-mingw32/bin/../lib/gcc/nios2-elf/12.3.1/../../../../../H-x86_64-mingw32/nios2-elf/lib\libc.a(libc_a-refill.o)
 .text.__srefill_r
                0x000063f4      0x1c0 c:/intelfpga_lite/23.1std/nios2eds/bin/gnu/h-x86_64-mingw32/bin/../lib/gcc/nios2-elf/12.3.1/../../../../../H-x86_64-mingw32/nios2-elf/lib\libc.a(libc_a-refill.o)
                0x000063f4                __srefill_r
 .text          0x000065b4        0x0 c:/intelfpga_lite/23.1std/nios2eds/bin/gnu/h-x86_64-mingw32/bin/../lib/gcc/nios2-elf/12.3.1/../../../../../H-x86_64-mingw32/nios2-elf/lib\libc.a(libc_a-stdio.o)
 .text.__sread  0x000065b4       0x54 c:/intelfpga_lite/23.1std/nios2eds/bin/gnu/h-x86_64-mingw32/bin/../lib/gcc/nios2-elf/12.3.1/../../../../../H-x86_64-mingw32/nios2-elf/lib\libc.a(libc_a-stdio.o)
                0x000065b4                __sread
 .text.__seofread
                0x00006608        0x8 c:/intelfpga_lite/23.1std/nios2eds/bin/gnu/h-x86_64-mingw32/bin/../lib/gcc/nios2-elf/12.3.1/../../../../../H-x86_64-mingw32/nios2-elf/lib\libc.a(libc_a-stdio.o)
                0x00006608                __seofread
 .text.__swrite
                0x00006610       0x80 c:/intelfpga_lite/23.1std/nios2eds/bin/gnu/h-x86_64-mingw32/bin/../lib/gcc/nios2-elf/12.3.1/../../../../../H-x86_64-mingw32/nios2-elf/lib\libc.a(libc_a-stdio.o)
                0x00006610                __swrite
 .text.__sseek  0x00006690       0x5c c:/intelfpga_lite/23.1std/nios2eds/bin/gnu/h-x86_64-mingw32/bin/../lib/gcc/nios2-elf/12.3.1/../../../../../H-x86_64-mingw32/nios2-elf/lib\libc.a(libc_a-stdio.o)
                0x00006690                __sseek
 .text.__sclose
                0x000066ec        0x8 c:/intelfpga_lite/23.1std/nios2eds/bin/gnu/h-x86_64-mingw32/bin/../lib/gcc/nios2-elf/12.3.1/../../../../../H-x86_64-mingw32/nios2-elf/lib\libc.a(libc_a-stdio.o)
                0x000066ec                __sclose
 .text          0x000066f4        0x0 c:/intelfpga_lite/23.1std/nios2eds/bin/gnu/h-x86_64-mingw32/bin/../lib/gcc/nios2-elf/12.3.1/../../../../../H-x86_64-mingw32/nios2-elf/lib\libc.a(libc_a-fseeko.o)
 .text._fseeko_r
                0x000066f4      0x420 c:/intelfpga_lite/23.1std/nios2eds/bin/gnu/h-x86_64-mingw32/bin/../lib/gcc/nios2-elf/12.3.1/../../../../../H-x86_64-mingw32/nios2-elf/lib\libc.a(libc_a-fseeko.o)
                0x000066f4                _fseeko_r
 .text.fseeko   0x00006b14       0x1c c:/intelfpga_lite/23.1std/nios2eds/bin/gnu/h-x86_64-mingw32/bin/../lib/gcc/nios2-elf/12.3.1/../../../../../H-x86_64-mingw32/nios2-elf/lib\libc.a(libc_a-fseeko.o)
                0x00006b14                fseeko
 .text          0x00006b30        0x0 c:/intelfpga_lite/23.1std/nios2eds/bin/gnu/h-x86_64-mingw32/bin/../lib/gcc/nios2-elf/12.3.1/../../../../../H-x86_64-mingw32/nios2-elf/lib\libc.a(libc_a-memcpy.o)
 .text.memcpy   0x00006b30      0x100 c:/intelfpga_lite/23.1std/nios2eds/bin/gnu/h-x86_64-mingw32/bin/../lib/gcc/nios2-elf/12.3.1/../../../../../H-x86_64-mingw32/nios2-elf/lib\libc.a(libc_a-memcpy.o)
                0x00006b30                memcpy
 .text          0x00006c30        0x0 c:/intelfpga_lite/23.1std/nios2eds/bin/gnu/h-x86_64-mingw32/bin/../lib/gcc/nios2-elf/12.3.1/../../../../../H-x86_64-mingw32/nios2-elf/lib\libc.a(libc_a-memset.o)
 .text.memset   0x00006c30       0xf8 c:/intelfpga_lite/23.1std/nios2eds/bin/gnu/h-x86_64-mingw32/bin/../lib/gcc/nios2-elf/12.3.1/../../../../../H-x86_64-mingw32/nios2-elf/lib\libc.a(libc_a-memset.o)
                0x00006c30                memset
 .text          0x00006d28        0x0 c:/intelfpga_lite/23.1std/nios2eds/bin/gnu/h-x86_64-mingw32/bin/../lib/gcc/nios2-elf/12.3.1/../../../../../H-x86_64-mingw32/nios2-elf/lib\libc.a(libc_a-strlen.o)
 .text.strlen   0x00006d28       0x98 c:/intelfpga_lite/23.1std/nios2eds/bin/gnu/h-x86_64-mingw32/bin/../lib/gcc/nios2-elf/12.3.1/../../../../../H-x86_64-mingw32/nios2-elf/lib\libc.a(libc_a-strlen.o)
                0x00006d28                strlen
 .text          0x00006dc0        0x0 c:/intelfpga_lite/23.1std/nios2eds/bin/gnu/h-x86_64-mingw32/bin/../lib/gcc/nios2-elf/12.3.1/../../../../../H-x86_64-mingw32/nios2-elf/lib\libc.a(libc_a-closer.o)
 .text._close_r
                0x00006dc0       0x58 c:/intelfpga_lite/23.1std/nios2eds/bin/gnu/h-x86_64-mingw32/bin/../lib/gcc/nios2-elf/12.3.1/../../../../../H-x86_64-mingw32/nios2-elf/lib\libc.a(libc_a-closer.o)
                0x00006dc0                _close_r
 .text          0x00006e18        0x0 c:/intelfpga_lite/23.1std/nios2eds/bin/gnu/h-x86_64-mingw32/bin/../lib/gcc/nios2-elf/12.3.1/../../../../../H-x86_64-mingw32/nios2-elf/lib\libc.a(libc_a-reent.o)
 .text._reclaim_reent
                0x00006e18       0xc8 c:/intelfpga_lite/23.1std/nios2eds/bin/gnu/h-x86_64-mingw32/bin/../lib/gcc/nios2-elf/12.3.1/../../../../../H-x86_64-mingw32/nios2-elf/lib\libc.a(libc_a-reent.o)
                0x00006e18                _reclaim_reent
 .text          0x00006ee0        0x0 c:/intelfpga_lite/23.1std/nios2eds/bin/gnu/h-x86_64-mingw32/bin/../lib/gcc/nios2-elf/12.3.1/../../../../../H-x86_64-mingw32/nios2-elf/lib\libc.a(libc_a-impure.o)
 .text          0x00006ee0        0x0 c:/intelfpga_lite/23.1std/nios2eds/bin/gnu/h-x86_64-mingw32/bin/../lib/gcc/nios2-elf/12.3.1/../../../../../H-x86_64-mingw32/nios2-elf/lib\libc.a(libc_a-fstatr.o)
 .text._fstat_r
                0x00006ee0       0x60 c:/intelfpga_lite/23.1std/nios2eds/bin/gnu/h-x86_64-mingw32/bin/../lib/gcc/nios2-elf/12.3.1/../../../../../H-x86_64-mingw32/nios2-elf/lib\libc.a(libc_a-fstatr.o)
                0x00006ee0                _fstat_r
 .text          0x00006f40        0x0 c:/intelfpga_lite/23.1std/nios2eds/bin/gnu/h-x86_64-mingw32/bin/../lib/gcc/nios2-elf/12.3.1/../../../../../H-x86_64-mingw32/nios2-elf/lib\libc.a(libc_a-lseekr.o)
 .text._lseek_r
                0x00006f40       0x64 c:/intelfpga_lite/23.1std/nios2eds/bin/gnu/h-x86_64-mingw32/bin/../lib/gcc/nios2-elf/12.3.1/../../../../../H-x86_64-mingw32/nios2-elf/lib\libc.a(libc_a-lseekr.o)
                0x00006f40                _lseek_r
 .text          0x00006fa4        0x0 c:/intelfpga_lite/23.1std/nios2eds/bin/gnu/h-x86_64-mingw32/bin/../lib/gcc/nios2-elf/12.3.1/../../../../../H-x86_64-mingw32/nios2-elf/lib\libc.a(libc_a-openr.o)
 .text._open_r  0x00006fa4       0x64 c:/intelfpga_lite/23.1std/nios2eds/bin/gnu/h-x86_64-mingw32/bin/../lib/gcc/nios2-elf/12.3.1/../../../../../H-x86_64-mingw32/nios2-elf/lib\libc.a(libc_a-openr.o)
                0x00006fa4                _open_r
 .text          0x00007008        0x0 c:/intelfpga_lite/23.1std/nios2eds/bin/gnu/h-x86_64-mingw32/bin/../lib/gcc/nios2-elf/12.3.1/../../../../../H-x86_64-mingw32/nios2-elf/lib\libc.a(libc_a-readr.o)
 .text._read_r  0x00007008       0x64 c:/intelfpga_lite/23.1std/nios2eds/bin/gnu/h-x86_64-mingw32/bin/../lib/gcc/nios2-elf/12.3.1/../../../../../H-x86_64-mingw32/nios2-elf/lib\libc.a(libc_a-readr.o)
                0x00007008                _read_r
 .text          0x0000706c        0x0 c:/intelfpga_lite/23.1std/nios2eds/bin/gnu/h-x86_64-mingw32/bin/../lib/gcc/nios2-elf/12.3.1/../../../../../H-x86_64-mingw32/nios2-elf/lib\libc.a(libc_a-writer.o)
 .text._write_r
                0x0000706c       0x64 c:/intelfpga_lite/23.1std/nios2eds/bin/gnu/h-x86_64-mingw32/bin/../lib/gcc/nios2-elf/12.3.1/../../../../../H-x86_64-mingw32/nios2-elf/lib\libc.a(libc_a-writer.o)
                0x0000706c                _write_r
 .text          0x000070d0        0x0 c:/intelfpga_lite/23.1std/nios2eds/bin/gnu/h-x86_64-mingw32/bin/../lib/gcc/nios2-elf/12.3.1/../../../../../H-x86_64-mingw32/nios2-elf/lib\libc.a(libc_a-errno.o)
 .text.__errno  0x000070d0        0xc c:/intelfpga_lite/23.1std/nios2eds/bin/gnu/h-x86_64-mingw32/bin/../lib/gcc/nios2-elf/12.3.1/../../../../../H-x86_64-mingw32/nios2-elf/lib\libc.a(libc_a-errno.o)
                0x000070d0                __errno
 .text          0x000070dc        0x0 c:/intelfpga_lite/23.1std/nios2eds/bin/gnu/h-x86_64-mingw32/bin/../lib/gcc/nios2-elf/12.3.1/../../../../../H-x86_64-mingw32/nios2-elf/lib\libc.a(libc_a-__call_atexit.o)
 .text.__call_exitprocs
                0x000070dc      0x118 c:/intelfpga_lite/23.1std/nios2eds/bin/gnu/h-x86_64-mingw32/bin/../lib/gcc/nios2-elf/12.3.1/../../../../../H-x86_64-mingw32/nios2-elf/lib\libc.a(libc_a-__call_atexit.o)
                0x000070dc                __call_exitprocs
 .text          0x000071f4        0x0 c:/intelfpga_lite/23.1std/nios2eds/bin/gnu/h-x86_64-mingw32/bin/../lib/gcc/nios2-elf/12.3.1/../../../../../H-x86_64-mingw32/nios2-elf/lib\libc.a(libc_a-freer.o)
 .text._malloc_trim_r
                0x000071f4      0x124 c:/intelfpga_lite/23.1std/nios2eds/bin/gnu/h-x86_64-mingw32/bin/../lib/gcc/nios2-elf/12.3.1/../../../../../H-x86_64-mingw32/nios2-elf/lib\libc.a(libc_a-freer.o)
                0x000071f4                _malloc_trim_r
 .text._free_r  0x00007318      0x308 c:/intelfpga_lite/23.1std/nios2eds/bin/gnu/h-x86_64-mingw32/bin/../lib/gcc/nios2-elf/12.3.1/../../../../../H-x86_64-mingw32/nios2-elf/lib\libc.a(libc_a-freer.o)
                0x00007318                _free_r
 .text          0x00007620        0x0 c:/intelfpga_lite/23.1std/nios2eds/bin/gnu/h-x86_64-mingw32/bin/../lib/gcc/nios2-elf/12.3.1/../../../../../H-x86_64-mingw32/nios2-elf/lib\libc.a(libc_a-mallocr.o)
 .text._malloc_r
                0x00007620      0x7c8 c:/intelfpga_lite/23.1std/nios2eds/bin/gnu/h-x86_64-mingw32/bin/../lib/gcc/nios2-elf/12.3.1/../../../../../H-x86_64-mingw32/nios2-elf/lib\libc.a(libc_a-mallocr.o)
                0x00007620                _malloc_r
 .text          0x00007de8        0x0 c:/intelfpga_lite/23.1std/nios2eds/bin/gnu/h-x86_64-mingw32/bin/../lib/gcc/nios2-elf/12.3.1/../../../../../H-x86_64-mingw32/nios2-elf/lib\libc.a(libc_a-vfprintf.o)
 .text.___vfprintf_internal_r
                0x00007de8     0x2300 c:/intelfpga_lite/23.1std/nios2eds/bin/gnu/h-x86_64-mingw32/bin/../lib/gcc/nios2-elf/12.3.1/../../../../../H-x86_64-mingw32/nios2-elf/lib\libc.a(libc_a-vfprintf.o)
                0x00007de8                ___vfprintf_internal_r
 .text.__vfprintf_internal
                0x0000a0e8       0x1c c:/intelfpga_lite/23.1std/nios2eds/bin/gnu/h-x86_64-mingw32/bin/../lib/gcc/nios2-elf/12.3.1/../../../../../H-x86_64-mingw32/nios2-elf/lib\libc.a(libc_a-vfprintf.o)
                0x0000a0e8                __vfprintf_internal
 .text.__sbprintf
                0x0000a104       0xc4 c:/intelfpga_lite/23.1std/nios2eds/bin/gnu/h-x86_64-mingw32/bin/../lib/gcc/nios2-elf/12.3.1/../../../../../H-x86_64-mingw32/nios2-elf/lib\libc.a(libc_a-vfprintf.o)
 .text          0x0000a1c8        0x0 c:/intelfpga_lite/23.1std/nios2eds/bin/gnu/h-x86_64-mingw32/bin/../lib/gcc/nios2-elf/12.3.1/../../../../../H-x86_64-mingw32/nios2-elf/lib\libc.a(libc_a-vfiprintf.o)
 .text.__sprint_r.part.0
                0x0000a1c8       0xf4 c:/intelfpga_lite/23.1std/nios2eds/bin/gnu/h-x86_64-mingw32/bin/../lib/gcc/nios2-elf/12.3.1/../../../../../H-x86_64-mingw32/nios2-elf/lib\libc.a(libc_a-vfiprintf.o)
 .text.__sprint_r
                0x0000a2bc       0x18 c:/intelfpga_lite/23.1std/nios2eds/bin/gnu/h-x86_64-mingw32/bin/../lib/gcc/nios2-elf/12.3.1/../../../../../H-x86_64-mingw32/nios2-elf/lib\libc.a(libc_a-vfiprintf.o)
                0x0000a2bc                __sprint_r
 .text.___vfiprintf_internal_r
                0x0000a2d4     0x128c c:/intelfpga_lite/23.1std/nios2eds/bin/gnu/h-x86_64-mingw32/bin/../lib/gcc/nios2-elf/12.3.1/../../../../../H-x86_64-mingw32/nios2-elf/lib\libc.a(libc_a-vfiprintf.o)
                0x0000a2d4                ___vfiprintf_internal_r
 .text.__vfiprintf_internal
                0x0000b560       0x1c c:/intelfpga_lite/23.1std/nios2eds/bin/gnu/h-x86_64-mingw32/bin/../lib/gcc/nios2-elf/12.3.1/../../../../../H-x86_64-mingw32/nios2-elf/lib\libc.a(libc_a-vfiprintf.o)
                0x0000b560                __vfiprintf_internal
 .text.__sbprintf
                0x0000b57c       0xc4 c:/intelfpga_lite/23.1std/nios2eds/bin/gnu/h-x86_64-mingw32/bin/../lib/gcc/nios2-elf/12.3.1/../../../../../H-x86_64-mingw32/nios2-elf/lib\libc.a(libc_a-vfiprintf.o)
 .text          0x0000b640        0x0 c:/intelfpga_lite/23.1std/nios2eds/bin/gnu/h-x86_64-mingw32/bin/../lib/gcc/nios2-elf/12.3.1/../../../../../H-x86_64-mingw32/nios2-elf/lib\libc.a(libc_a-flags.o)
 .text.__sflags
                0x0000b640       0xb8 c:/intelfpga_lite/23.1std/nios2eds/bin/gnu/h-x86_64-mingw32/bin/../lib/gcc/nios2-elf/12.3.1/../../../../../H-x86_64-mingw32/nios2-elf/lib\libc.a(libc_a-flags.o)
                0x0000b640                __sflags
 .text          0x0000b6f8        0x0 c:/intelfpga_lite/23.1std/nios2eds/bin/gnu/h-x86_64-mingw32/bin/../lib/gcc/nios2-elf/12.3.1/../../../../../H-x86_64-mingw32/nios2-elf/lib\libc.a(libc_a-fvwrite.o)
 .text.__sfvwrite_r
                0x0000b6f8      0x49c c:/intelfpga_lite/23.1std/nios2eds/bin/gnu/h-x86_64-mingw32/bin/../lib/gcc/nios2-elf/12.3.1/../../../../../H-x86_64-mingw32/nios2-elf/lib\libc.a(libc_a-fvwrite.o)
                0x0000b6f8                __sfvwrite_r
 .text          0x0000bb94        0x0 c:/intelfpga_lite/23.1std/nios2eds/bin/gnu/h-x86_64-mingw32/bin/../lib/gcc/nios2-elf/12.3.1/../../../../../H-x86_64-mingw32/nios2-elf/lib\libc.a(libc_a-makebuf.o)
 .text.__smakebuf_r
                0x0000bb94      0x1a8 c:/intelfpga_lite/23.1std/nios2eds/bin/gnu/h-x86_64-mingw32/bin/../lib/gcc/nios2-elf/12.3.1/../../../../../H-x86_64-mingw32/nios2-elf/lib\libc.a(libc_a-makebuf.o)
                0x0000bb94                __smakebuf_r
 .text.__swhatbuf_r
                0x0000bd3c       0x8c c:/intelfpga_lite/23.1std/nios2eds/bin/gnu/h-x86_64-mingw32/bin/../lib/gcc/nios2-elf/12.3.1/../../../../../H-x86_64-mingw32/nios2-elf/lib\libc.a(libc_a-makebuf.o)
                0x0000bd3c                __swhatbuf_r
 .text          0x0000bdc8        0x0 c:/intelfpga_lite/23.1std/nios2eds/bin/gnu/h-x86_64-mingw32/bin/../lib/gcc/nios2-elf/12.3.1/../../../../../H-x86_64-mingw32/nios2-elf/lib\libc.a(libc_a-putc.o)
 .text._putc_r  0x0000bdc8       0xc0 c:/intelfpga_lite/23.1std/nios2eds/bin/gnu/h-x86_64-mingw32/bin/../lib/gcc/nios2-elf/12.3.1/../../../../../H-x86_64-mingw32/nios2-elf/lib\libc.a(libc_a-putc.o)
                0x0000bdc8                _putc_r
 .text.putc     0x0000be88       0xd4 c:/intelfpga_lite/23.1std/nios2eds/bin/gnu/h-x86_64-mingw32/bin/../lib/gcc/nios2-elf/12.3.1/../../../../../H-x86_64-mingw32/nios2-elf/lib\libc.a(libc_a-putc.o)
                0x0000be88                putc
 .text          0x0000bf5c        0x0 c:/intelfpga_lite/23.1std/nios2eds/bin/gnu/h-x86_64-mingw32/bin/../lib/gcc/nios2-elf/12.3.1/../../../../../H-x86_64-mingw32/nios2-elf/lib\libc.a(libc_a-wbuf.o)
 .text.__swbuf_r
                0x0000bf5c      0x148 c:/intelfpga_lite/23.1std/nios2eds/bin/gnu/h-x86_64-mingw32/bin/../lib/gcc/nios2-elf/12.3.1/../../../../../H-x86_64-mingw32/nios2-elf/lib\libc.a(libc_a-wbuf.o)
                0x0000bf5c                __swbuf_r
 .text.__swbuf  0x0000c0a4       0x18 c:/intelfpga_lite/23.1std/nios2eds/bin/gnu/h-x86_64-mingw32/bin/../lib/gcc/nios2-elf/12.3.1/../../../../../H-x86_64-mingw32/nios2-elf/lib\libc.a(libc_a-wbuf.o)
                0x0000c0a4                __swbuf
 .text          0x0000c0bc        0x0 c:/intelfpga_lite/23.1std/nios2eds/bin/gnu/h-x86_64-mingw32/bin/../lib/gcc/nios2-elf/12.3.1/../../../../../H-x86_64-mingw32/nios2-elf/lib\libc.a(libc_a-wsetup.o)
 .text.__swsetup_r
                0x0000c0bc      0x144 c:/intelfpga_lite/23.1std/nios2eds/bin/gnu/h-x86_64-mingw32/bin/../lib/gcc/nios2-elf/12.3.1/../../../../../H-x86_64-mingw32/nios2-elf/lib\libc.a(libc_a-wsetup.o)
                0x0000c0bc                __swsetup_r
 .text          0x0000c200        0x0 c:/intelfpga_lite/23.1std/nios2eds/bin/gnu/h-x86_64-mingw32/bin/../lib/gcc/nios2-elf/12.3.1/../../../../../H-x86_64-mingw32/nios2-elf/lib\libc.a(libc_a-fputwc.o)
 .text.__fputwc
                0x0000c200      0x164 c:/intelfpga_lite/23.1std/nios2eds/bin/gnu/h-x86_64-mingw32/bin/../lib/gcc/nios2-elf/12.3.1/../../../../../H-x86_64-mingw32/nios2-elf/lib\libc.a(libc_a-fputwc.o)
                0x0000c200                __fputwc
 .text._fputwc_r
                0x0000c364       0x24 c:/intelfpga_lite/23.1std/nios2eds/bin/gnu/h-x86_64-mingw32/bin/../lib/gcc/nios2-elf/12.3.1/../../../../../H-x86_64-mingw32/nios2-elf/lib\libc.a(libc_a-fputwc.o)
                0x0000c364                _fputwc_r
 .text.fputwc   0x0000c388       0x78 c:/intelfpga_lite/23.1std/nios2eds/bin/gnu/h-x86_64-mingw32/bin/../lib/gcc/nios2-elf/12.3.1/../../../../../H-x86_64-mingw32/nios2-elf/lib\libc.a(libc_a-fputwc.o)
                0x0000c388                fputwc
 .text          0x0000c400        0x0 c:/intelfpga_lite/23.1std/nios2eds/bin/gnu/h-x86_64-mingw32/bin/../lib/gcc/nios2-elf/12.3.1/../../../../../H-x86_64-mingw32/nios2-elf/lib\libc.a(libc_a-memchr.o)
 .text.memchr   0x0000c400       0xd0 c:/intelfpga_lite/23.1std/nios2eds/bin/gnu/h-x86_64-mingw32/bin/../lib/gcc/nios2-elf/12.3.1/../../../../../H-x86_64-mingw32/nios2-elf/lib\libc.a(libc_a-memchr.o)
                0x0000c400                memchr
 .text          0x0000c4d0        0x0 c:/intelfpga_lite/23.1std/nios2eds/bin/gnu/h-x86_64-mingw32/bin/../lib/gcc/nios2-elf/12.3.1/../../../../../H-x86_64-mingw32/nios2-elf/lib\libc.a(libc_a-memmove.o)
 .text.memmove  0x0000c4d0      0x128 c:/intelfpga_lite/23.1std/nios2eds/bin/gnu/h-x86_64-mingw32/bin/../lib/gcc/nios2-elf/12.3.1/../../../../../H-x86_64-mingw32/nios2-elf/lib\libc.a(libc_a-memmove.o)
                0x0000c4d0                memmove
 .text          0x0000c5f8        0x0 c:/intelfpga_lite/23.1std/nios2eds/bin/gnu/h-x86_64-mingw32/bin/../lib/gcc/nios2-elf/12.3.1/../../../../../H-x86_64-mingw32/nios2-elf/lib\libc.a(libc_a-locale.o)
 .text._setlocale_r
                0x0000c5f8       0x7c c:/intelfpga_lite/23.1std/nios2eds/bin/gnu/h-x86_64-mingw32/bin/../lib/gcc/nios2-elf/12.3.1/../../../../../H-x86_64-mingw32/nios2-elf/lib\libc.a(libc_a-locale.o)
                0x0000c5f8                _setlocale_r
 .text.__locale_mb_cur_max
                0x0000c674        0xc c:/intelfpga_lite/23.1std/nios2eds/bin/gnu/h-x86_64-mingw32/bin/../lib/gcc/nios2-elf/12.3.1/../../../../../H-x86_64-mingw32/nios2-elf/lib\libc.a(libc_a-locale.o)
                0x0000c674                __locale_mb_cur_max
 .text.setlocale
                0x0000c680       0x7c c:/intelfpga_lite/23.1std/nios2eds/bin/gnu/h-x86_64-mingw32/bin/../lib/gcc/nios2-elf/12.3.1/../../../../../H-x86_64-mingw32/nios2-elf/lib\libc.a(libc_a-locale.o)
                0x0000c680                setlocale
 .text          0x0000c6fc        0x0 c:/intelfpga_lite/23.1std/nios2eds/bin/gnu/h-x86_64-mingw32/bin/../lib/gcc/nios2-elf/12.3.1/../../../../../H-x86_64-mingw32/nios2-elf/lib\libc.a(libc_a-localeconv.o)
 .text.__localeconv_l
                0x0000c6fc        0x8 c:/intelfpga_lite/23.1std/nios2eds/bin/gnu/h-x86_64-mingw32/bin/../lib/gcc/nios2-elf/12.3.1/../../../../../H-x86_64-mingw32/nios2-elf/lib\libc.a(libc_a-localeconv.o)
                0x0000c6fc                __localeconv_l
 .text._localeconv_r
                0x0000c704        0xc c:/intelfpga_lite/23.1std/nios2eds/bin/gnu/h-x86_64-mingw32/bin/../lib/gcc/nios2-elf/12.3.1/../../../../../H-x86_64-mingw32/nios2-elf/lib\libc.a(libc_a-localeconv.o)
                0x0000c704                _localeconv_r
 .text.localeconv
                0x0000c710        0xc c:/intelfpga_lite/23.1std/nios2eds/bin/gnu/h-x86_64-mingw32/bin/../lib/gcc/nios2-elf/12.3.1/../../../../../H-x86_64-mingw32/nios2-elf/lib\libc.a(libc_a-localeconv.o)
                0x0000c710                localeconv
 .text          0x0000c71c        0x0 c:/intelfpga_lite/23.1std/nios2eds/bin/gnu/h-x86_64-mingw32/bin/../lib/gcc/nios2-elf/12.3.1/../../../../../H-x86_64-mingw32/nios2-elf/lib\libc.a(libc_a-isattyr.o)
 .text._isatty_r
                0x0000c71c       0x58 c:/intelfpga_lite/23.1std/nios2eds/bin/gnu/h-x86_64-mingw32/bin/../lib/gcc/nios2-elf/12.3.1/../../../../../H-x86_64-mingw32/nios2-elf/lib\libc.a(libc_a-isattyr.o)
                0x0000c71c                _isatty_r
 .text          0x0000c774        0x0 c:/intelfpga_lite/23.1std/nios2eds/bin/gnu/h-x86_64-mingw32/bin/../lib/gcc/nios2-elf/12.3.1/../../../../../H-x86_64-mingw32/nios2-elf/lib\libc.a(libc_a-sbrkr.o)
 .text._sbrk_r  0x0000c774       0x58 c:/intelfpga_lite/23.1std/nios2eds/bin/gnu/h-x86_64-mingw32/bin/../lib/gcc/nios2-elf/12.3.1/../../../../../H-x86_64-mingw32/nios2-elf/lib\libc.a(libc_a-sbrkr.o)
                0x0000c774                _sbrk_r
 .text          0x0000c7cc        0x0 c:/intelfpga_lite/23.1std/nios2eds/bin/gnu/h-x86_64-mingw32/bin/../lib/gcc/nios2-elf/12.3.1/../../../../../H-x86_64-mingw32/nios2-elf/lib\libc.a(libc_a-dtoa.o)
 .text.quorem   0x0000c7cc      0x1fc c:/intelfpga_lite/23.1std/nios2eds/bin/gnu/h-x86_64-mingw32/bin/../lib/gcc/nios2-elf/12.3.1/../../../../../H-x86_64-mingw32/nios2-elf/lib\libc.a(libc_a-dtoa.o)
 .text._dtoa_r  0x0000c9c8     0x17e8 c:/intelfpga_lite/23.1std/nios2eds/bin/gnu/h-x86_64-mingw32/bin/../lib/gcc/nios2-elf/12.3.1/../../../../../H-x86_64-mingw32/nios2-elf/lib\libc.a(libc_a-dtoa.o)
                0x0000c9c8                _dtoa_r
 .text          0x0000e1b0        0x0 c:/intelfpga_lite/23.1std/nios2eds/bin/gnu/h-x86_64-mingw32/bin/../lib/gcc/nios2-elf/12.3.1/../../../../../H-x86_64-mingw32/nios2-elf/lib\libc.a(libc_a-mbtowc_r.o)
 .text._mbtowc_r
                0x0000e1b0        0xc c:/intelfpga_lite/23.1std/nios2eds/bin/gnu/h-x86_64-mingw32/bin/../lib/gcc/nios2-elf/12.3.1/../../../../../H-x86_64-mingw32/nios2-elf/lib\libc.a(libc_a-mbtowc_r.o)
                0x0000e1b0                _mbtowc_r
 .text.__ascii_mbtowc
                0x0000e1bc       0x44 c:/intelfpga_lite/23.1std/nios2eds/bin/gnu/h-x86_64-mingw32/bin/../lib/gcc/nios2-elf/12.3.1/../../../../../H-x86_64-mingw32/nios2-elf/lib\libc.a(libc_a-mbtowc_r.o)
                0x0000e1bc                __ascii_mbtowc
 .text          0x0000e200        0x0 c:/intelfpga_lite/23.1std/nios2eds/bin/gnu/h-x86_64-mingw32/bin/../lib/gcc/nios2-elf/12.3.1/../../../../../H-x86_64-mingw32/nios2-elf/lib\libc.a(libc_a-mprec.o)
 .text._Balloc  0x0000e200       0xa4 c:/intelfpga_lite/23.1std/nios2eds/bin/gnu/h-x86_64-mingw32/bin/../lib/gcc/nios2-elf/12.3.1/../../../../../H-x86_64-mingw32/nios2-elf/lib\libc.a(libc_a-mprec.o)
                0x0000e200                _Balloc
 .text._Bfree   0x0000e2a4       0x24 c:/intelfpga_lite/23.1std/nios2eds/bin/gnu/h-x86_64-mingw32/bin/../lib/gcc/nios2-elf/12.3.1/../../../../../H-x86_64-mingw32/nios2-elf/lib\libc.a(libc_a-mprec.o)
                0x0000e2a4                _Bfree
 .text.__multadd
                0x0000e2c8      0x130 c:/intelfpga_lite/23.1std/nios2eds/bin/gnu/h-x86_64-mingw32/bin/../lib/gcc/nios2-elf/12.3.1/../../../../../H-x86_64-mingw32/nios2-elf/lib\libc.a(libc_a-mprec.o)
                0x0000e2c8                __multadd
 .text.__s2b    0x0000e3f8      0x138 c:/intelfpga_lite/23.1std/nios2eds/bin/gnu/h-x86_64-mingw32/bin/../lib/gcc/nios2-elf/12.3.1/../../../../../H-x86_64-mingw32/nios2-elf/lib\libc.a(libc_a-mprec.o)
                0x0000e3f8                __s2b
 .text.__hi0bits
                0x0000e530       0x74 c:/intelfpga_lite/23.1std/nios2eds/bin/gnu/h-x86_64-mingw32/bin/../lib/gcc/nios2-elf/12.3.1/../../../../../H-x86_64-mingw32/nios2-elf/lib\libc.a(libc_a-mprec.o)
                0x0000e530                __hi0bits
 .text.__lo0bits
                0x0000e5a4       0xb0 c:/intelfpga_lite/23.1std/nios2eds/bin/gnu/h-x86_64-mingw32/bin/../lib/gcc/nios2-elf/12.3.1/../../../../../H-x86_64-mingw32/nios2-elf/lib\libc.a(libc_a-mprec.o)
                0x0000e5a4                __lo0bits
 .text.__i2b    0x0000e654       0xb0 c:/intelfpga_lite/23.1std/nios2eds/bin/gnu/h-x86_64-mingw32/bin/../lib/gcc/nios2-elf/12.3.1/../../../../../H-x86_64-mingw32/nios2-elf/lib\libc.a(libc_a-mprec.o)
                0x0000e654                __i2b
 .text.__multiply
                0x0000e704      0x22c c:/intelfpga_lite/23.1std/nios2eds/bin/gnu/h-x86_64-mingw32/bin/../lib/gcc/nios2-elf/12.3.1/../../../../../H-x86_64-mingw32/nios2-elf/lib\libc.a(libc_a-mprec.o)
                0x0000e704                __multiply
 .text.__pow5mult
                0x0000e930      0x140 c:/intelfpga_lite/23.1std/nios2eds/bin/gnu/h-x86_64-mingw32/bin/../lib/gcc/nios2-elf/12.3.1/../../../../../H-x86_64-mingw32/nios2-elf/lib\libc.a(libc_a-mprec.o)
                0x0000e930                __pow5mult
 .text.__lshift
                0x0000ea70      0x188 c:/intelfpga_lite/23.1std/nios2eds/bin/gnu/h-x86_64-mingw32/bin/../lib/gcc/nios2-elf/12.3.1/../../../../../H-x86_64-mingw32/nios2-elf/lib\libc.a(libc_a-mprec.o)
                0x0000ea70                __lshift
 .text.__mcmp   0x0000ebf8       0x58 c:/intelfpga_lite/23.1std/nios2eds/bin/gnu/h-x86_64-mingw32/bin/../lib/gcc/nios2-elf/12.3.1/../../../../../H-x86_64-mingw32/nios2-elf/lib\libc.a(libc_a-mprec.o)
                0x0000ebf8                __mcmp
 .text.__mdiff  0x0000ec50      0x230 c:/intelfpga_lite/23.1std/nios2eds/bin/gnu/h-x86_64-mingw32/bin/../lib/gcc/nios2-elf/12.3.1/../../../../../H-x86_64-mingw32/nios2-elf/lib\libc.a(libc_a-mprec.o)
                0x0000ec50                __mdiff
 .text.__ulp    0x0000ee80       0x60 c:/intelfpga_lite/23.1std/nios2eds/bin/gnu/h-x86_64-mingw32/bin/../lib/gcc/nios2-elf/12.3.1/../../../../../H-x86_64-mingw32/nios2-elf/lib\libc.a(libc_a-mprec.o)
                0x0000ee80                __ulp
 .text.__b2d    0x0000eee0      0x100 c:/intelfpga_lite/23.1std/nios2eds/bin/gnu/h-x86_64-mingw32/bin/../lib/gcc/nios2-elf/12.3.1/../../../../../H-x86_64-mingw32/nios2-elf/lib\libc.a(libc_a-mprec.o)
                0x0000eee0                __b2d
 .text.__d2b    0x0000efe0      0x158 c:/intelfpga_lite/23.1std/nios2eds/bin/gnu/h-x86_64-mingw32/bin/../lib/gcc/nios2-elf/12.3.1/../../../../../H-x86_64-mingw32/nios2-elf/lib\libc.a(libc_a-mprec.o)
                0x0000efe0                __d2b
 .text.__ratio  0x0000f138       0xa8 c:/intelfpga_lite/23.1std/nios2eds/bin/gnu/h-x86_64-mingw32/bin/../lib/gcc/nios2-elf/12.3.1/../../../../../H-x86_64-mingw32/nios2-elf/lib\libc.a(libc_a-mprec.o)
                0x0000f138                __ratio
 .text._mprec_log10
                0x0000f1e0       0x70 c:/intelfpga_lite/23.1std/nios2eds/bin/gnu/h-x86_64-mingw32/bin/../lib/gcc/nios2-elf/12.3.1/../../../../../H-x86_64-mingw32/nios2-elf/lib\libc.a(libc_a-mprec.o)
                0x0000f1e0                _mprec_log10
 .text.__copybits
                0x0000f250       0x6c c:/intelfpga_lite/23.1std/nios2eds/bin/gnu/h-x86_64-mingw32/bin/../lib/gcc/nios2-elf/12.3.1/../../../../../H-x86_64-mingw32/nios2-elf/lib\libc.a(libc_a-mprec.o)
                0x0000f250                __copybits
 .text.__any_on
                0x0000f2bc       0x60 c:/intelfpga_lite/23.1std/nios2eds/bin/gnu/h-x86_64-mingw32/bin/../lib/gcc/nios2-elf/12.3.1/../../../../../H-x86_64-mingw32/nios2-elf/lib\libc.a(libc_a-mprec.o)
                0x0000f2bc                __any_on
 .text          0x0000f31c        0x0 c:/intelfpga_lite/23.1std/nios2eds/bin/gnu/h-x86_64-mingw32/bin/../lib/gcc/nios2-elf/12.3.1/../../../../../H-x86_64-mingw32/nios2-elf/lib\libc.a(libc_a-reallocr.o)
 .text._realloc_r
                0x0000f31c      0x5ec c:/intelfpga_lite/23.1std/nios2eds/bin/gnu/h-x86_64-mingw32/bin/../lib/gcc/nios2-elf/12.3.1/../../../../../H-x86_64-mingw32/nios2-elf/lib\libc.a(libc_a-reallocr.o)
                0x0000f31c                _realloc_r
 .text          0x0000f908        0x0 c:/intelfpga_lite/23.1std/nios2eds/bin/gnu/h-x86_64-mingw32/bin/../lib/gcc/nios2-elf/12.3.1/../../../../../H-x86_64-mingw32/nios2-elf/lib\libc.a(libc_a-wctomb_r.o)
 .text._wctomb_r
                0x0000f908        0xc c:/intelfpga_lite/23.1std/nios2eds/bin/gnu/h-x86_64-mingw32/bin/../lib/gcc/nios2-elf/12.3.1/../../../../../H-x86_64-mingw32/nios2-elf/lib\libc.a(libc_a-wctomb_r.o)
                0x0000f908                _wctomb_r
 .text.__ascii_wctomb
                0x0000f914       0x30 c:/intelfpga_lite/23.1std/nios2eds/bin/gnu/h-x86_64-mingw32/bin/../lib/gcc/nios2-elf/12.3.1/../../../../../H-x86_64-mingw32/nios2-elf/lib\libc.a(libc_a-wctomb_r.o)
                0x0000f914                __ascii_wctomb
 .text          0x0000f944        0x0 c:/intelfpga_lite/23.1std/nios2eds/bin/gnu/h-x86_64-mingw32/bin/../lib/gcc/nios2-elf/12.3.1/../../../../../H-x86_64-mingw32/nios2-elf/lib\libc.a(libc_a-wcrtomb.o)
 .text._wcrtomb_r
                0x0000f944       0x6c c:/intelfpga_lite/23.1std/nios2eds/bin/gnu/h-x86_64-mingw32/bin/../lib/gcc/nios2-elf/12.3.1/../../../../../H-x86_64-mingw32/nios2-elf/lib\libc.a(libc_a-wcrtomb.o)
                0x0000f944                _wcrtomb_r
 .text.wcrtomb  0x0000f9b0       0x88 c:/intelfpga_lite/23.1std/nios2eds/bin/gnu/h-x86_64-mingw32/bin/../lib/gcc/nios2-elf/12.3.1/../../../../../H-x86_64-mingw32/nios2-elf/lib\libc.a(libc_a-wcrtomb.o)
                0x0000f9b0                wcrtomb
 .text          0x0000fa38        0x0 c:/intelfpga_lite/23.1std/nios2eds/bin/gnu/h-x86_64-mingw32/bin/../lib/gcc/nios2-elf/12.3.1/../../../../../H-x86_64-mingw32/nios2-elf/lib\libc.a(libc_a-ctype_.o)
 .text          0x0000fa38        0x0 c:/intelfpga_lite/23.1std/nios2eds/bin/gnu/h-x86_64-mingw32/bin/../lib/gcc/nios2-elf/12.3.1/../../../../../H-x86_64-mingw32/nios2-elf/lib\libc.a(libc_a-strcmp.o)
 .text.strcmp   0x0000fa38       0xb8 c:/intelfpga_lite/23.1std/nios2eds/bin/gnu/h-x86_64-mingw32/bin/../lib/gcc/nios2-elf/12.3.1/../../../../../H-x86_64-mingw32/nios2-elf/lib\libc.a(libc_a-strcmp.o)
                0x0000fa38                strcmp
 .text          0x0000faf0        0x0 c:/intelfpga_lite/23.1std/nios2eds/bin/gnu/h-x86_64-mingw32/bin/../lib/gcc/nios2-elf/12.3.1/../../../../../H-x86_64-mingw32/nios2-elf/lib\libc.a(libc_a-assert.o)
 .text.__assert_func
                0x0000faf0       0x64 c:/intelfpga_lite/23.1std/nios2eds/bin/gnu/h-x86_64-mingw32/bin/../lib/gcc/nios2-elf/12.3.1/../../../../../H-x86_64-mingw32/nios2-elf/lib\libc.a(libc_a-assert.o)
                0x0000faf0                __assert_func
 .text.__assert
                0x0000fb54       0x14 c:/intelfpga_lite/23.1std/nios2eds/bin/gnu/h-x86_64-mingw32/bin/../lib/gcc/nios2-elf/12.3.1/../../../../../H-x86_64-mingw32/nios2-elf/lib\libc.a(libc_a-assert.o)
                0x0000fb54                __assert
 .text          0x0000fb68        0x0 c:/intelfpga_lite/23.1std/nios2eds/bin/gnu/h-x86_64-mingw32/bin/../lib/gcc/nios2-elf/12.3.1/../../../../../H-x86_64-mingw32/nios2-elf/lib\libc.a(libc_a-callocr.o)
 .text._calloc_r
                0x0000fb68      0x134 c:/intelfpga_lite/23.1std/nios2eds/bin/gnu/h-x86_64-mingw32/bin/../lib/gcc/nios2-elf/12.3.1/../../../../../H-x86_64-mingw32/nios2-elf/lib\libc.a(libc_a-callocr.o)
                0x0000fb68                _calloc_r
 .text          0x0000fc9c        0x0 c:/intelfpga_lite/23.1std/nios2eds/bin/gnu/h-x86_64-mingw32/bin/../lib/gcc/nios2-elf/12.3.1/../../../../../H-x86_64-mingw32/nios2-elf/lib\libc.a(libc_a-fiprintf.o)
 .text._fiprintf_r
                0x0000fc9c       0x20 c:/intelfpga_lite/23.1std/nios2eds/bin/gnu/h-x86_64-mingw32/bin/../lib/gcc/nios2-elf/12.3.1/../../../../../H-x86_64-mingw32/nios2-elf/lib\libc.a(libc_a-fiprintf.o)
                0x0000fc9c                _fiprintf_r
 .text.fiprintf
                0x0000fcbc       0x38 c:/intelfpga_lite/23.1std/nios2eds/bin/gnu/h-x86_64-mingw32/bin/../lib/gcc/nios2-elf/12.3.1/../../../../../H-x86_64-mingw32/nios2-elf/lib\libc.a(libc_a-fiprintf.o)
                0x0000fcbc                fiprintf
 .text          0x0000fcf4        0x0 c:/intelfpga_lite/23.1std/nios2eds/bin/gnu/h-x86_64-mingw32/bin/../lib/gcc/nios2-elf/12.3.1/../../../../../H-x86_64-mingw32/nios2-elf/lib\libc.a(libc_a-vfiprintfr_1.o)
 .text._vfiprintf_r
                0x0000fcf4        0x4 c:/intelfpga_lite/23.1std/nios2eds/bin/gnu/h-x86_64-mingw32/bin/../lib/gcc/nios2-elf/12.3.1/../../../../../H-x86_64-mingw32/nios2-elf/lib\libc.a(libc_a-vfiprintfr_1.o)
                0x0000fcf4                _vfiprintf_r
 .text          0x0000fcf8        0x0 c:/intelfpga_lite/23.1std/nios2eds/bin/gnu/h-x86_64-mingw32/bin/../lib/gcc/nios2-elf/12.3.1/../../../../../H-x86_64-mingw32/nios2-elf/lib\libc.a(libc_a-abort.o)
 .text.abort    0x0000fcf8       0x18 c:/intelfpga_lite/23.1std/nios2eds/bin/gnu/h-x86_64-mingw32/bin/../lib/gcc/nios2-elf/12.3.1/../../../../../H-x86_64-mingw32/nios2-elf/lib\libc.a(libc_a-abort.o)
                0x0000fcf8                abort
 .text          0x0000fd10        0x0 c:/intelfpga_lite/23.1std/nios2eds/bin/gnu/h-x86_64-mingw32/bin/../lib/gcc/nios2-elf/12.3.1/../../../../../H-x86_64-mingw32/nios2-elf/lib\libc.a(libc_a-signal.o)
 .text._init_signal_r
                0x0000fd10       0x5c c:/intelfpga_lite/23.1std/nios2eds/bin/gnu/h-x86_64-mingw32/bin/../lib/gcc/nios2-elf/12.3.1/../../../../../H-x86_64-mingw32/nios2-elf/lib\libc.a(libc_a-signal.o)
                0x0000fd10                _init_signal_r
 .text._signal_r
                0x0000fd6c       0x8c c:/intelfpga_lite/23.1std/nios2eds/bin/gnu/h-x86_64-mingw32/bin/../lib/gcc/nios2-elf/12.3.1/../../../../../H-x86_64-mingw32/nios2-elf/lib\libc.a(libc_a-signal.o)
                0x0000fd6c                _signal_r
 .text._raise_r
                0x0000fdf8       0xb0 c:/intelfpga_lite/23.1std/nios2eds/bin/gnu/h-x86_64-mingw32/bin/../lib/gcc/nios2-elf/12.3.1/../../../../../H-x86_64-mingw32/nios2-elf/lib\libc.a(libc_a-signal.o)
                0x0000fdf8                _raise_r
 .text.__sigtramp_r
                0x0000fea8       0xbc c:/intelfpga_lite/23.1std/nios2eds/bin/gnu/h-x86_64-mingw32/bin/../lib/gcc/nios2-elf/12.3.1/../../../../../H-x86_64-mingw32/nios2-elf/lib\libc.a(libc_a-signal.o)
                0x0000fea8                __sigtramp_r
 .text.raise    0x0000ff64       0xb4 c:/intelfpga_lite/23.1std/nios2eds/bin/gnu/h-x86_64-mingw32/bin/../lib/gcc/nios2-elf/12.3.1/../../../../../H-x86_64-mingw32/nios2-elf/lib\libc.a(libc_a-signal.o)
                0x0000ff64                raise
 .text.signal   0x00010018       0x98 c:/intelfpga_lite/23.1std/nios2eds/bin/gnu/h-x86_64-mingw32/bin/../lib/gcc/nios2-elf/12.3.1/../../../../../H-x86_64-mingw32/nios2-elf/lib\libc.a(libc_a-signal.o)
                0x00010018                signal
 .text._init_signal
                0x000100b0       0x60 c:/intelfpga_lite/23.1std/nios2eds/bin/gnu/h-x86_64-mingw32/bin/../lib/gcc/nios2-elf/12.3.1/../../../../../H-x86_64-mingw32/nios2-elf/lib\libc.a(libc_a-signal.o)
                0x000100b0                _init_signal
 .text.__sigtramp
                0x00010110       0xbc c:/intelfpga_lite/23.1std/nios2eds/bin/gnu/h-x86_64-mingw32/bin/../lib/gcc/nios2-elf/12.3.1/../../../../../H-x86_64-mingw32/nios2-elf/lib\libc.a(libc_a-signal.o)
                0x00010110                __sigtramp
 .text          0x000101cc        0x0 c:/intelfpga_lite/23.1std/nios2eds/bin/gnu/h-x86_64-mingw32/bin/../lib/gcc/nios2-elf/12.3.1/../../../../../H-x86_64-mingw32/nios2-elf/lib\libc.a(libc_a-signalr.o)
 .text._kill_r  0x000101cc       0x60 c:/intelfpga_lite/23.1std/nios2eds/bin/gnu/h-x86_64-mingw32/bin/../lib/gcc/nios2-elf/12.3.1/../../../../../H-x86_64-mingw32/nios2-elf/lib\libc.a(libc_a-signalr.o)
                0x000101cc                _kill_r
 .text._getpid_r
                0x0001022c        0x4 c:/intelfpga_lite/23.1std/nios2eds/bin/gnu/h-x86_64-mingw32/bin/../lib/gcc/nios2-elf/12.3.1/../../../../../H-x86_64-mingw32/nios2-elf/lib\libc.a(libc_a-signalr.o)
                0x0001022c                _getpid_r
 .text          0x00010230      0x550 c:/intelfpga_lite/23.1std/nios2eds/bin/gnu/h-x86_64-mingw32/bin/../lib/gcc/nios2-elf/12.3.1\libgcc.a(_udivdi3.o)
                0x00010230                __udivdi3
 .text          0x00010780      0x510 c:/intelfpga_lite/23.1std/nios2eds/bin/gnu/h-x86_64-mingw32/bin/../lib/gcc/nios2-elf/12.3.1\libgcc.a(_umoddi3.o)
                0x00010780                __umoddi3
 .text          0x00010c90       0x90 c:/intelfpga_lite/23.1std/nios2eds/bin/gnu/h-x86_64-mingw32/bin/../lib/gcc/nios2-elf/12.3.1\libgcc.a(floatunsidf.o)
                0x00010c90                __floatunsidf
 .text          0x00010d20        0x0 c:/Users/pedro/OneDrive/Documentos/CNN-paralel/Software/c0_bsp/\libhal_bsp.a(alt_close.o)
 .text.close    0x00010d20       0xb0 c:/Users/pedro/OneDrive/Documentos/CNN-paralel/Software/c0_bsp/\libhal_bsp.a(alt_close.o)
                0x00010d20                close
 .text          0x00010dd0        0x0 c:/Users/pedro/OneDrive/Documentos/CNN-paralel/Software/c0_bsp/\libhal_bsp.a(alt_dev.o)
 .text.alt_dev_null_write
                0x00010dd0        0x8 c:/Users/pedro/OneDrive/Documentos/CNN-paralel/Software/c0_bsp/\libhal_bsp.a(alt_dev.o)
 .text          0x00010dd8        0x0 c:/Users/pedro/OneDrive/Documentos/CNN-paralel/Software/c0_bsp/\libhal_bsp.a(alt_errno.o)
 .text          0x00010dd8        0x0 c:/Users/pedro/OneDrive/Documentos/CNN-paralel/Software/c0_bsp/\libhal_bsp.a(alt_fstat.o)
 .text.fstat    0x00010dd8       0x78 c:/Users/pedro/OneDrive/Documentos/CNN-paralel/Software/c0_bsp/\libhal_bsp.a(alt_fstat.o)
                0x00010dd8                fstat
 .text          0x00010e50        0x0 c:/Users/pedro/OneDrive/Documentos/CNN-paralel/Software/c0_bsp/\libhal_bsp.a(alt_getpid.o)
 .text.getpid   0x00010e50       0x20 c:/Users/pedro/OneDrive/Documentos/CNN-paralel/Software/c0_bsp/\libhal_bsp.a(alt_getpid.o)
                0x00010e50                getpid
 .text          0x00010e70        0x0 c:/Users/pedro/OneDrive/Documentos/CNN-paralel/Software/c0_bsp/\libhal_bsp.a(alt_isatty.o)
 .text.isatty   0x00010e70       0x74 c:/Users/pedro/OneDrive/Documentos/CNN-paralel/Software/c0_bsp/\libhal_bsp.a(alt_isatty.o)
                0x00010e70                isatty
 .text          0x00010ee4        0x0 c:/Users/pedro/OneDrive/Documentos/CNN-paralel/Software/c0_bsp/\libhal_bsp.a(alt_kill.o)
 .text.alt_get_errno
                0x00010ee4       0x3c c:/Users/pedro/OneDrive/Documentos/CNN-paralel/Software/c0_bsp/\libhal_bsp.a(alt_kill.o)
 .text.kill     0x00010f20       0xf0 c:/Users/pedro/OneDrive/Documentos/CNN-paralel/Software/c0_bsp/\libhal_bsp.a(alt_kill.o)
                0x00010f20                kill
 .text          0x00011010        0x0 c:/Users/pedro/OneDrive/Documentos/CNN-paralel/Software/c0_bsp/\libhal_bsp.a(alt_load.o)
 .text.alt_load_section
                0x00011010       0x68 c:/Users/pedro/OneDrive/Documentos/CNN-paralel/Software/c0_bsp/\libhal_bsp.a(alt_load.o)
 .text.alt_load
                0x00011078       0x84 c:/Users/pedro/OneDrive/Documentos/CNN-paralel/Software/c0_bsp/\libhal_bsp.a(alt_load.o)
                0x00011078                alt_load
 .text          0x000110fc        0x0 c:/Users/pedro/OneDrive/Documentos/CNN-paralel/Software/c0_bsp/\libhal_bsp.a(alt_lseek.o)
 .text.lseek    0x000110fc       0x80 c:/Users/pedro/OneDrive/Documentos/CNN-paralel/Software/c0_bsp/\libhal_bsp.a(alt_lseek.o)
                0x000110fc                lseek
 .text          0x0001117c        0x0 c:/Users/pedro/OneDrive/Documentos/CNN-paralel/Software/c0_bsp/\libhal_bsp.a(alt_main.o)
 .text.alt_main
                0x0001117c       0x40 c:/Users/pedro/OneDrive/Documentos/CNN-paralel/Software/c0_bsp/\libhal_bsp.a(alt_main.o)
                0x0001117c                alt_main
 .text          0x000111bc        0x0 c:/Users/pedro/OneDrive/Documentos/CNN-paralel/Software/c0_bsp/\libhal_bsp.a(alt_malloc_lock.o)
 .text.__malloc_lock
                0x000111bc       0x24 c:/Users/pedro/OneDrive/Documentos/CNN-paralel/Software/c0_bsp/\libhal_bsp.a(alt_malloc_lock.o)
                0x000111bc                __malloc_lock
 .text.__malloc_unlock
                0x000111e0       0x24 c:/Users/pedro/OneDrive/Documentos/CNN-paralel/Software/c0_bsp/\libhal_bsp.a(alt_malloc_lock.o)
                0x000111e0                __malloc_unlock
 .text          0x00011204        0x0 c:/Users/pedro/OneDrive/Documentos/CNN-paralel/Software/c0_bsp/\libhal_bsp.a(alt_open.o)
 .text.open     0x00011204      0x154 c:/Users/pedro/OneDrive/Documentos/CNN-paralel/Software/c0_bsp/\libhal_bsp.a(alt_open.o)
                0x00011204                open
 .text          0x00011358        0x0 c:/Users/pedro/OneDrive/Documentos/CNN-paralel/Software/c0_bsp/\libhal_bsp.a(alt_read.o)
 .text.alt_get_errno
                0x00011358       0x14 c:/Users/pedro/OneDrive/Documentos/CNN-paralel/Software/c0_bsp/\libhal_bsp.a(alt_read.o)
 .text.read     0x0001136c       0x8c c:/Users/pedro/OneDrive/Documentos/CNN-paralel/Software/c0_bsp/\libhal_bsp.a(alt_read.o)
                0x0001136c                read
 .text          0x000113f8        0x0 c:/Users/pedro/OneDrive/Documentos/CNN-paralel/Software/c0_bsp/\libhal_bsp.a(alt_release_fd.o)
 .text.alt_release_fd
                0x000113f8       0x24 c:/Users/pedro/OneDrive/Documentos/CNN-paralel/Software/c0_bsp/\libhal_bsp.a(alt_release_fd.o)
                0x000113f8                alt_release_fd
 .text          0x0001141c        0x0 c:/Users/pedro/OneDrive/Documentos/CNN-paralel/Software/c0_bsp/\libhal_bsp.a(alt_sbrk.o)
 .text.sbrk     0x0001141c       0x4c c:/Users/pedro/OneDrive/Documentos/CNN-paralel/Software/c0_bsp/\libhal_bsp.a(alt_sbrk.o)
                0x0001141c                sbrk
 .text          0x00011468        0x0 c:/Users/pedro/OneDrive/Documentos/CNN-paralel/Software/c0_bsp/\libhal_bsp.a(alt_write.o)
 .text.alt_get_errno
                0x00011468       0x14 c:/Users/pedro/OneDrive/Documentos/CNN-paralel/Software/c0_bsp/\libhal_bsp.a(alt_write.o)
 .text.write    0x0001147c       0x88 c:/Users/pedro/OneDrive/Documentos/CNN-paralel/Software/c0_bsp/\libhal_bsp.a(alt_write.o)
                0x0001147c                write
 .text          0x00011504        0x0 c:/Users/pedro/OneDrive/Documentos/CNN-paralel/Software/c0_bsp/\libhal_bsp.a(alt_sys_init.o)
 .text.alt_irq_init
                0x00011504       0x20 c:/Users/pedro/OneDrive/Documentos/CNN-paralel/Software/c0_bsp/\libhal_bsp.a(alt_sys_init.o)
                0x00011504                alt_irq_init
 .text.alt_sys_init
                0x00011524       0x2c c:/Users/pedro/OneDrive/Documentos/CNN-paralel/Software/c0_bsp/\libhal_bsp.a(alt_sys_init.o)
                0x00011524                alt_sys_init
 .text          0x00011550        0x0 c:/Users/pedro/OneDrive/Documentos/CNN-paralel/Software/c0_bsp/\libhal_bsp.a(altera_avalon_jtag_uart_fd.o)
 .text.altera_avalon_jtag_uart_read_fd
                0x00011550       0x10 c:/Users/pedro/OneDrive/Documentos/CNN-paralel/Software/c0_bsp/\libhal_bsp.a(altera_avalon_jtag_uart_fd.o)
                0x00011550                altera_avalon_jtag_uart_read_fd
 .text.altera_avalon_jtag_uart_write_fd
                0x00011560       0x10 c:/Users/pedro/OneDrive/Documentos/CNN-paralel/Software/c0_bsp/\libhal_bsp.a(altera_avalon_jtag_uart_fd.o)
                0x00011560                altera_avalon_jtag_uart_write_fd
 .text          0x00011570        0x0 c:/Users/pedro/OneDrive/Documentos/CNN-paralel/Software/c0_bsp/\libhal_bsp.a(altera_avalon_jtag_uart_read.o)
 .text.altera_avalon_jtag_uart_read
                0x00011570       0x5c c:/Users/pedro/OneDrive/Documentos/CNN-paralel/Software/c0_bsp/\libhal_bsp.a(altera_avalon_jtag_uart_read.o)
                0x00011570                altera_avalon_jtag_uart_read
 .text          0x000115cc        0x0 c:/Users/pedro/OneDrive/Documentos/CNN-paralel/Software/c0_bsp/\libhal_bsp.a(altera_avalon_jtag_uart_write.o)
 .text.altera_avalon_jtag_uart_write
                0x000115cc       0x30 c:/Users/pedro/OneDrive/Documentos/CNN-paralel/Software/c0_bsp/\libhal_bsp.a(altera_avalon_jtag_uart_write.o)
                0x000115cc                altera_avalon_jtag_uart_write
 .text          0x000115fc        0x0 c:/Users/pedro/OneDrive/Documentos/CNN-paralel/Software/c0_bsp/\libhal_bsp.a(altera_hostfs.o)
 .text.alt_hostfs_open
                0x000115fc       0x68 c:/Users/pedro/OneDrive/Documentos/CNN-paralel/Software/c0_bsp/\libhal_bsp.a(altera_hostfs.o)
                0x000115fc                alt_hostfs_open
 .text.alt_hostfs_close
                0x00011664       0x18 c:/Users/pedro/OneDrive/Documentos/CNN-paralel/Software/c0_bsp/\libhal_bsp.a(altera_hostfs.o)
                0x00011664                alt_hostfs_close
 .text.alt_hostfs_read
                0x0001167c       0x1c c:/Users/pedro/OneDrive/Documentos/CNN-paralel/Software/c0_bsp/\libhal_bsp.a(altera_hostfs.o)
                0x0001167c                alt_hostfs_read
 .text.alt_hostfs_write
                0x00011698       0x1c c:/Users/pedro/OneDrive/Documentos/CNN-paralel/Software/c0_bsp/\libhal_bsp.a(altera_hostfs.o)
                0x00011698                alt_hostfs_write
 .text.alt_hostfs_seek
                0x000116b4       0x1c c:/Users/pedro/OneDrive/Documentos/CNN-paralel/Software/c0_bsp/\libhal_bsp.a(altera_hostfs.o)
                0x000116b4                alt_hostfs_seek
 .text.alt_hostfs_fstat
                0x000116d0      0x104 c:/Users/pedro/OneDrive/Documentos/CNN-paralel/Software/c0_bsp/\libhal_bsp.a(altera_hostfs.o)
                0x000116d0                alt_hostfs_fstat
 .text          0x000117d4        0x0 c:/Users/pedro/OneDrive/Documentos/CNN-paralel/Software/c0_bsp/\libhal_bsp.a(alt_dcache_flush_all.o)
 .text.alt_dcache_flush_all
                0x000117d4        0x4 c:/Users/pedro/OneDrive/Documentos/CNN-paralel/Software/c0_bsp/\libhal_bsp.a(alt_dcache_flush_all.o)
                0x000117d4                alt_dcache_flush_all
 .text          0x000117d8        0x0 c:/Users/pedro/OneDrive/Documentos/CNN-paralel/Software/c0_bsp/\libhal_bsp.a(alt_dev_llist_insert.o)
 .text.alt_get_errno
                0x000117d8       0x3c c:/Users/pedro/OneDrive/Documentos/CNN-paralel/Software/c0_bsp/\libhal_bsp.a(alt_dev_llist_insert.o)
 .text.alt_dev_llist_insert
                0x00011814       0xa8 c:/Users/pedro/OneDrive/Documentos/CNN-paralel/Software/c0_bsp/\libhal_bsp.a(alt_dev_llist_insert.o)
                0x00011814                alt_dev_llist_insert
 .text          0x000118bc        0x0 c:/Users/pedro/OneDrive/Documentos/CNN-paralel/Software/c0_bsp/\libhal_bsp.a(alt_find_dev.o)
 .text.alt_find_dev
                0x000118bc       0x70 c:/Users/pedro/OneDrive/Documentos/CNN-paralel/Software/c0_bsp/\libhal_bsp.a(alt_find_dev.o)
                0x000118bc                alt_find_dev
 .text          0x0001192c        0x0 c:/Users/pedro/OneDrive/Documentos/CNN-paralel/Software/c0_bsp/\libhal_bsp.a(alt_find_file.o)
 .text.alt_find_file
                0x0001192c       0x9c c:/Users/pedro/OneDrive/Documentos/CNN-paralel/Software/c0_bsp/\libhal_bsp.a(alt_find_file.o)
                0x0001192c                alt_find_file
 .text          0x000119c8        0x0 c:/Users/pedro/OneDrive/Documentos/CNN-paralel/Software/c0_bsp/\libhal_bsp.a(alt_fs_reg.o)
 .text.alt_fs_reg
                0x000119c8       0x30 c:/Users/pedro/OneDrive/Documentos/CNN-paralel/Software/c0_bsp/\libhal_bsp.a(alt_fs_reg.o)
                0x000119c8                alt_fs_reg
 .text          0x000119f8        0x0 c:/Users/pedro/OneDrive/Documentos/CNN-paralel/Software/c0_bsp/\libhal_bsp.a(alt_get_fd.o)
 .text.alt_get_fd
                0x000119f8       0x4c c:/Users/pedro/OneDrive/Documentos/CNN-paralel/Software/c0_bsp/\libhal_bsp.a(alt_get_fd.o)
                0x000119f8                alt_get_fd
 .text          0x00011a44        0x0 c:/Users/pedro/OneDrive/Documentos/CNN-paralel/Software/c0_bsp/\libhal_bsp.a(alt_icache_flush_all.o)
 .text.alt_icache_flush_all
                0x00011a44        0x4 c:/Users/pedro/OneDrive/Documentos/CNN-paralel/Software/c0_bsp/\libhal_bsp.a(alt_icache_flush_all.o)
                0x00011a44                alt_icache_flush_all
 .text          0x00011a48        0x0 c:/Users/pedro/OneDrive/Documentos/CNN-paralel/Software/c0_bsp/\libhal_bsp.a(alt_io_redirect.o)
 .text.alt_open_fd.constprop.0
                0x00011a48       0x70 c:/Users/pedro/OneDrive/Documentos/CNN-paralel/Software/c0_bsp/\libhal_bsp.a(alt_io_redirect.o)
 .text.alt_io_redirect
                0x00011ab8       0x64 c:/Users/pedro/OneDrive/Documentos/CNN-paralel/Software/c0_bsp/\libhal_bsp.a(alt_io_redirect.o)
                0x00011ab8                alt_io_redirect
 .text          0x00011b1c        0x0 c:/Users/pedro/OneDrive/Documentos/CNN-paralel/Software/c0_bsp/\libhal_bsp.a(altera_nios2_gen2_irq.o)
 .text.altera_nios2_gen2_irq_init
                0x00011b1c        0x8 c:/Users/pedro/OneDrive/Documentos/CNN-paralel/Software/c0_bsp/\libhal_bsp.a(altera_nios2_gen2_irq.o)
                0x00011b1c                altera_nios2_gen2_irq_init
 .text          0x00011b24        0x0 c:/intelfpga_lite/23.1std/nios2eds/bin/gnu/h-x86_64-mingw32/bin/../lib/gcc/nios2-elf/12.3.1/../../../../../H-x86_64-mingw32/nios2-elf/lib\libc.a(libc_a-memcmp.o)
 .text.memcmp   0x00011b24       0x78 c:/intelfpga_lite/23.1std/nios2eds/bin/gnu/h-x86_64-mingw32/bin/../lib/gcc/nios2-elf/12.3.1/../../../../../H-x86_64-mingw32/nios2-elf/lib\libc.a(libc_a-memcmp.o)
                0x00011b24                memcmp
 *(.gnu.warning.*)
 *(.fini)
                [!provide]                        PROVIDE (__etext = ABSOLUTE (.))
                [!provide]                        PROVIDE (_etext = ABSOLUTE (.))
                [!provide]                        PROVIDE (etext = ABSOLUTE (.))
 *(.eh_frame_hdr)
                0x00011b9c                        . = ALIGN (0x4)
                [!provide]                        PROVIDE (__preinit_array_start = ABSOLUTE (.))
 *(.preinit_array)
                [!provide]                        PROVIDE (__preinit_array_end = ABSOLUTE (.))
                [!provide]                        PROVIDE (__init_array_start = ABSOLUTE (.))
 *(SORT_BY_INIT_PRIORITY(.init_array.*))
 *(.init_array)
                [!provide]                        PROVIDE (__init_array_end = ABSOLUTE (.))
                [!provide]                        PROVIDE (__fini_array_start = ABSOLUTE (.))
 *(.fini_array)
                [!provide]                        PROVIDE (__fini_array_end = ABSOLUTE (.))
 *(.eh_frame)
 *(.gcc_except_table .gcc_except_table.*)
 *(.dynamic)
                [!provide]                        PROVIDE (__CTOR_LIST__ = ABSOLUTE (.))
 *(.ctors)
 *(SORT_BY_NAME(.ctors.*))
                [!provide]                        PROVIDE (__CTOR_END__ = ABSOLUTE (.))
                [!provide]                        PROVIDE (__DTOR_LIST__ = ABSOLUTE (.))
 *(.dtors)
 *(SORT_BY_NAME(.dtors.*))
                [!provide]                        PROVIDE (__DTOR_END__ = ABSOLUTE (.))
 *(.jcr)
                0x00011b9c                        . = ALIGN (0x4)

.rodata         0x00100000      0x868 load address 0x00011b9c
                0x00100000                        PROVIDE (__ram_rodata_start = ABSOLUTE (.))
                0x00100000                        . = ALIGN (0x4)
 *(.rodata .rodata.* .gnu.linkonce.r.*)
 .rodata.str1.4
                0x00100000       0x1c obj/default/image.o
 .rodata.str1.4
                0x0010001c      0x199 obj/default/main.o
                                0x19d (size before relaxing)
 *fill*         0x001001b5        0x3 
 .rodata.ln2LO  0x001001b8       0x10 c:/intelfpga_lite/23.1std/nios2eds/bin/gnu/h-x86_64-mingw32/bin/../lib/gcc/nios2-elf/12.3.1/../../../../../H-x86_64-mingw32/nios2-elf/lib\libm.a(libm_a-e_exp.o)
 .rodata.ln2HI  0x001001c8       0x10 c:/intelfpga_lite/23.1std/nios2eds/bin/gnu/h-x86_64-mingw32/bin/../lib/gcc/nios2-elf/12.3.1/../../../../../H-x86_64-mingw32/nios2-elf/lib\libm.a(libm_a-e_exp.o)
 .rodata.halF   0x001001d8       0x10 c:/intelfpga_lite/23.1std/nios2eds/bin/gnu/h-x86_64-mingw32/bin/../lib/gcc/nios2-elf/12.3.1/../../../../../H-x86_64-mingw32/nios2-elf/lib\libm.a(libm_a-e_exp.o)
 .rodata        0x001001e8      0x100 c:/intelfpga_lite/23.1std/nios2eds/bin/gnu/h-x86_64-mingw32/bin/../lib/gcc/nios2-elf/12.3.1\libgcc.a(_clz.o)
                0x001001e8                __clz_tab
 .rodata._puts_r.str1.4
                0x001002e8      0x199 c:/intelfpga_lite/23.1std/nios2eds/bin/gnu/h-x86_64-mingw32/bin/../lib/gcc/nios2-elf/12.3.1/../../../../../H-x86_64-mingw32/nios2-elf/lib\libc.a(libc_a-puts.o)
                                  0x2 (size before relaxing)
 .rodata.___vfprintf_internal_r.str1.4
                0x001002e8       0x42 c:/intelfpga_lite/23.1std/nios2eds/bin/gnu/h-x86_64-mingw32/bin/../lib/gcc/nios2-elf/12.3.1/../../../../../H-x86_64-mingw32/nios2-elf/lib\libc.a(libc_a-vfprintf.o)
 *fill*         0x0010032a        0x2 
 .rodata.zeroes.0
                0x0010032c       0x10 c:/intelfpga_lite/23.1std/nios2eds/bin/gnu/h-x86_64-mingw32/bin/../lib/gcc/nios2-elf/12.3.1/../../../../../H-x86_64-mingw32/nios2-elf/lib\libc.a(libc_a-vfprintf.o)
 .rodata.blanks.1
                0x0010033c       0x10 c:/intelfpga_lite/23.1std/nios2eds/bin/gnu/h-x86_64-mingw32/bin/../lib/gcc/nios2-elf/12.3.1/../../../../../H-x86_64-mingw32/nios2-elf/lib\libc.a(libc_a-vfprintf.o)
 .rodata.___vfiprintf_internal_r.str1.4
                0x0010034c       0x2f c:/intelfpga_lite/23.1std/nios2eds/bin/gnu/h-x86_64-mingw32/bin/../lib/gcc/nios2-elf/12.3.1/../../../../../H-x86_64-mingw32/nios2-elf/lib\libc.a(libc_a-vfiprintf.o)
 .rodata.zeroes.0
                0x0010034c       0x10 c:/intelfpga_lite/23.1std/nios2eds/bin/gnu/h-x86_64-mingw32/bin/../lib/gcc/nios2-elf/12.3.1/../../../../../H-x86_64-mingw32/nios2-elf/lib\libc.a(libc_a-vfiprintf.o)
 .rodata.blanks.1
                0x0010035c       0x10 c:/intelfpga_lite/23.1std/nios2eds/bin/gnu/h-x86_64-mingw32/bin/../lib/gcc/nios2-elf/12.3.1/../../../../../H-x86_64-mingw32/nios2-elf/lib\libc.a(libc_a-vfiprintf.o)
 .rodata._setlocale_r.str1.4
                0x0010036c        0xa c:/intelfpga_lite/23.1std/nios2eds/bin/gnu/h-x86_64-mingw32/bin/../lib/gcc/nios2-elf/12.3.1/../../../../../H-x86_64-mingw32/nios2-elf/lib\libc.a(libc_a-locale.o)
                                  0xd (size before relaxing)
 *fill*         0x00100376        0x2 
 .rodata.str1.4
                0x00100378        0x2 c:/intelfpga_lite/23.1std/nios2eds/bin/gnu/h-x86_64-mingw32/bin/../lib/gcc/nios2-elf/12.3.1/../../../../../H-x86_64-mingw32/nios2-elf/lib\libc.a(libc_a-locale.o)
 *fill*         0x0010037a        0x2 
 .rodata._dtoa_r.str1.4
                0x0010037c       0x58 c:/intelfpga_lite/23.1std/nios2eds/bin/gnu/h-x86_64-mingw32/bin/../lib/gcc/nios2-elf/12.3.1/../../../../../H-x86_64-mingw32/nios2-elf/lib\libc.a(libc_a-dtoa.o)
                                 0x5c (size before relaxing)
 .rodata.__multadd.str1.4
                0x001003d4       0x35 c:/intelfpga_lite/23.1std/nios2eds/bin/gnu/h-x86_64-mingw32/bin/../lib/gcc/nios2-elf/12.3.1/../../../../../H-x86_64-mingw32/nios2-elf/lib\libc.a(libc_a-mprec.o)
                                 0x49 (size before relaxing)
 *fill*         0x00100409        0x3 
 .rodata.p05.0  0x0010040c        0xc c:/intelfpga_lite/23.1std/nios2eds/bin/gnu/h-x86_64-mingw32/bin/../lib/gcc/nios2-elf/12.3.1/../../../../../H-x86_64-mingw32/nios2-elf/lib\libc.a(libc_a-mprec.o)
 .rodata.__mprec_tinytens
                0x00100418       0x28 c:/intelfpga_lite/23.1std/nios2eds/bin/gnu/h-x86_64-mingw32/bin/../lib/gcc/nios2-elf/12.3.1/../../../../../H-x86_64-mingw32/nios2-elf/lib\libc.a(libc_a-mprec.o)
                0x00100418                __mprec_tinytens
 .rodata.__mprec_bigtens
                0x00100440       0x28 c:/intelfpga_lite/23.1std/nios2eds/bin/gnu/h-x86_64-mingw32/bin/../lib/gcc/nios2-elf/12.3.1/../../../../../H-x86_64-mingw32/nios2-elf/lib\libc.a(libc_a-mprec.o)
                0x00100440                __mprec_bigtens
 .rodata.__mprec_tens
                0x00100468       0xc8 c:/intelfpga_lite/23.1std/nios2eds/bin/gnu/h-x86_64-mingw32/bin/../lib/gcc/nios2-elf/12.3.1/../../../../../H-x86_64-mingw32/nios2-elf/lib\libc.a(libc_a-mprec.o)
                0x00100468                __mprec_tens
 .rodata._ctype_
                0x00100530      0x101 c:/intelfpga_lite/23.1std/nios2eds/bin/gnu/h-x86_64-mingw32/bin/../lib/gcc/nios2-elf/12.3.1/../../../../../H-x86_64-mingw32/nios2-elf/lib\libc.a(libc_a-ctype_.o)
                0x00100530                _ctype_
 *fill*         0x00100631        0x3 
 .rodata._ctype_b
                0x00100634      0x180 c:/intelfpga_lite/23.1std/nios2eds/bin/gnu/h-x86_64-mingw32/bin/../lib/gcc/nios2-elf/12.3.1/../../../../../H-x86_64-mingw32/nios2-elf/lib\libc.a(libc_a-ctype_.o)
                0x00100634                _ctype_b
 .rodata.__assert_func.str1.4
                0x001007b4       0x3f c:/intelfpga_lite/23.1std/nios2eds/bin/gnu/h-x86_64-mingw32/bin/../lib/gcc/nios2-elf/12.3.1/../../../../../H-x86_64-mingw32/nios2-elf/lib\libc.a(libc_a-assert.o)
                                 0x43 (size before relaxing)
 *fill*         0x001007f3        0x1 
 .rodata.str1.4
                0x001007f4        0xa c:/Users/pedro/OneDrive/Documentos/CNN-paralel/Software/c0_bsp/\libhal_bsp.a(alt_dev.o)
 *fill*         0x001007fe        0x2 
 .rodata.alt_main.str1.4
                0x00100800       0x12 c:/Users/pedro/OneDrive/Documentos/CNN-paralel/Software/c0_bsp/\libhal_bsp.a(alt_main.o)
 *fill*         0x00100812        0x2 
 .rodata.str1.4
                0x00100814        0xa c:/Users/pedro/OneDrive/Documentos/CNN-paralel/Software/c0_bsp/\libhal_bsp.a(alt_sys_init.o)
                                 0x1e (size before relaxing)
 *fill*         0x0010081e        0x2 
 .rodata.hcinfo.0
                0x00100820        0xa c:/Users/pedro/OneDrive/Documentos/CNN-paralel/Software/c0_bsp/\libhal_bsp.a(altera_hostfs.o)
 *fill*         0x0010082a        0x2 
 .rodata.hcinfo.1
                0x0010082c        0xa c:/Users/pedro/OneDrive/Documentos/CNN-paralel/Software/c0_bsp/\libhal_bsp.a(altera_hostfs.o)
 *fill*         0x00100836        0x2 
 .rodata.hcinfo.2
                0x00100838        0xa c:/Users/pedro/OneDrive/Documentos/CNN-paralel/Software/c0_bsp/\libhal_bsp.a(altera_hostfs.o)
 *fill*         0x00100842        0x2 
 .rodata.hcinfo.3
                0x00100844        0x9 c:/Users/pedro/OneDrive/Documentos/CNN-paralel/Software/c0_bsp/\libhal_bsp.a(altera_hostfs.o)
 *fill*         0x0010084d        0x3 
 .rodata.hcinfo.4
                0x00100850        0xa c:/Users/pedro/OneDrive/Documentos/CNN-paralel/Software/c0_bsp/\libhal_bsp.a(altera_hostfs.o)
 *fill*         0x0010085a        0x2 
 .rodata.hcinfo.5
                0x0010085c        0x9 c:/Users/pedro/OneDrive/Documentos/CNN-paralel/Software/c0_bsp/\libhal_bsp.a(altera_hostfs.o)
 *(.rodata1)
                0x00100868                        . = ALIGN (0x4)
 *fill*         0x00100865        0x3 
                0x00100868                        PROVIDE (__ram_rodata_end = ABSOLUTE (.))
                0x00011b9c                        PROVIDE (__flash_rodata_start = LOADADDR (.rodata))

.rwdata         0x00100868      0x8c0 load address 0x00012404
                0x00100868                        PROVIDE (__ram_rwdata_start = ABSOLUTE (.))
                0x00100868                        . = ALIGN (0x4)
 *(.got.plt)
 *(.got)
 *(.data1)
 *(.data .data.* .gnu.linkonce.d.*)
 .data          0x00100868        0x0 c:/Users/pedro/OneDrive/Documentos/CNN-paralel/Software/c0_bsp//obj/HAL/src/crt0.o
 .data          0x00100868        0x0 obj/default/image.o
 .data          0x00100868        0x0 obj/default/main.o
 .data          0x00100868        0x0 c:/intelfpga_lite/23.1std/nios2eds/bin/gnu/h-x86_64-mingw32/bin/../lib/gcc/nios2-elf/12.3.1/../../../../../H-x86_64-mingw32/nios2-elf/lib\libm.a(libm_a-w_exp.o)
 .data          0x00100868        0x0 c:/intelfpga_lite/23.1std/nios2eds/bin/gnu/h-x86_64-mingw32/bin/../lib/gcc/nios2-elf/12.3.1/../../../../../H-x86_64-mingw32/nios2-elf/lib\libm.a(libm_a-s_finite.o)
 .data          0x00100868        0x0 c:/intelfpga_lite/23.1std/nios2eds/bin/gnu/h-x86_64-mingw32/bin/../lib/gcc/nios2-elf/12.3.1/../../../../../H-x86_64-mingw32/nios2-elf/lib\libm.a(libm_a-e_exp.o)
 .data          0x00100868        0x0 c:/intelfpga_lite/23.1std/nios2eds/bin/gnu/h-x86_64-mingw32/bin/../lib/gcc/nios2-elf/12.3.1/../../../../../H-x86_64-mingw32/nios2-elf/lib\libm.a(libm_a-math_err.o)
 .data          0x00100868        0x0 c:/intelfpga_lite/23.1std/nios2eds/bin/gnu/h-x86_64-mingw32/bin/../lib/gcc/nios2-elf/12.3.1\libgcc.a(lib2-divmod.o)
 .data          0x00100868        0x0 c:/intelfpga_lite/23.1std/nios2eds/bin/gnu/h-x86_64-mingw32/bin/../lib/gcc/nios2-elf/12.3.1\libgcc.a(addsf3.o)
 .data          0x00100868        0x0 c:/intelfpga_lite/23.1std/nios2eds/bin/gnu/h-x86_64-mingw32/bin/../lib/gcc/nios2-elf/12.3.1\libgcc.a(divsf3.o)
 .data          0x00100868        0x0 c:/intelfpga_lite/23.1std/nios2eds/bin/gnu/h-x86_64-mingw32/bin/../lib/gcc/nios2-elf/12.3.1\libgcc.a(gesf2.o)
 .data          0x00100868        0x0 c:/intelfpga_lite/23.1std/nios2eds/bin/gnu/h-x86_64-mingw32/bin/../lib/gcc/nios2-elf/12.3.1\libgcc.a(lesf2.o)
 .data          0x00100868        0x0 c:/intelfpga_lite/23.1std/nios2eds/bin/gnu/h-x86_64-mingw32/bin/../lib/gcc/nios2-elf/12.3.1\libgcc.a(mulsf3.o)
 .data          0x00100868        0x0 c:/intelfpga_lite/23.1std/nios2eds/bin/gnu/h-x86_64-mingw32/bin/../lib/gcc/nios2-elf/12.3.1\libgcc.a(subsf3.o)
 .data          0x00100868        0x0 c:/intelfpga_lite/23.1std/nios2eds/bin/gnu/h-x86_64-mingw32/bin/../lib/gcc/nios2-elf/12.3.1\libgcc.a(floatunsisf.o)
 .data          0x00100868        0x0 c:/intelfpga_lite/23.1std/nios2eds/bin/gnu/h-x86_64-mingw32/bin/../lib/gcc/nios2-elf/12.3.1\libgcc.a(adddf3.o)
 .data          0x00100868        0x0 c:/intelfpga_lite/23.1std/nios2eds/bin/gnu/h-x86_64-mingw32/bin/../lib/gcc/nios2-elf/12.3.1\libgcc.a(divdf3.o)
 .data          0x00100868        0x0 c:/intelfpga_lite/23.1std/nios2eds/bin/gnu/h-x86_64-mingw32/bin/../lib/gcc/nios2-elf/12.3.1\libgcc.a(eqdf2.o)
 .data          0x00100868        0x0 c:/intelfpga_lite/23.1std/nios2eds/bin/gnu/h-x86_64-mingw32/bin/../lib/gcc/nios2-elf/12.3.1\libgcc.a(gedf2.o)
 .data          0x00100868        0x0 c:/intelfpga_lite/23.1std/nios2eds/bin/gnu/h-x86_64-mingw32/bin/../lib/gcc/nios2-elf/12.3.1\libgcc.a(ledf2.o)
 .data          0x00100868        0x0 c:/intelfpga_lite/23.1std/nios2eds/bin/gnu/h-x86_64-mingw32/bin/../lib/gcc/nios2-elf/12.3.1\libgcc.a(muldf3.o)
 .data          0x00100868        0x0 c:/intelfpga_lite/23.1std/nios2eds/bin/gnu/h-x86_64-mingw32/bin/../lib/gcc/nios2-elf/12.3.1\libgcc.a(subdf3.o)
 .data          0x00100868        0x0 c:/intelfpga_lite/23.1std/nios2eds/bin/gnu/h-x86_64-mingw32/bin/../lib/gcc/nios2-elf/12.3.1\libgcc.a(unorddf2.o)
 .data          0x00100868        0x0 c:/intelfpga_lite/23.1std/nios2eds/bin/gnu/h-x86_64-mingw32/bin/../lib/gcc/nios2-elf/12.3.1\libgcc.a(fixdfsi.o)
 .data          0x00100868        0x0 c:/intelfpga_lite/23.1std/nios2eds/bin/gnu/h-x86_64-mingw32/bin/../lib/gcc/nios2-elf/12.3.1\libgcc.a(floatsidf.o)
 .data          0x00100868        0x0 c:/intelfpga_lite/23.1std/nios2eds/bin/gnu/h-x86_64-mingw32/bin/../lib/gcc/nios2-elf/12.3.1\libgcc.a(extendsfdf2.o)
 .data          0x00100868        0x0 c:/intelfpga_lite/23.1std/nios2eds/bin/gnu/h-x86_64-mingw32/bin/../lib/gcc/nios2-elf/12.3.1\libgcc.a(truncdfsf2.o)
 .data          0x00100868        0x0 c:/intelfpga_lite/23.1std/nios2eds/bin/gnu/h-x86_64-mingw32/bin/../lib/gcc/nios2-elf/12.3.1\libgcc.a(_clzsi2.o)
 .data          0x00100868        0x0 c:/intelfpga_lite/23.1std/nios2eds/bin/gnu/h-x86_64-mingw32/bin/../lib/gcc/nios2-elf/12.3.1\libgcc.a(_clz.o)
 .data          0x00100868        0x0 c:/intelfpga_lite/23.1std/nios2eds/bin/gnu/h-x86_64-mingw32/bin/../lib/gcc/nios2-elf/12.3.1/../../../../../H-x86_64-mingw32/nios2-elf/lib\libc.a(libc_a-exit.o)
 .data          0x00100868        0x0 c:/intelfpga_lite/23.1std/nios2eds/bin/gnu/h-x86_64-mingw32/bin/../lib/gcc/nios2-elf/12.3.1/../../../../../H-x86_64-mingw32/nios2-elf/lib\libc.a(libc_a-fclose.o)
 .data          0x00100868        0x0 c:/intelfpga_lite/23.1std/nios2eds/bin/gnu/h-x86_64-mingw32/bin/../lib/gcc/nios2-elf/12.3.1/../../../../../H-x86_64-mingw32/nios2-elf/lib\libc.a(libc_a-fflush.o)
 .data          0x00100868        0x0 c:/intelfpga_lite/23.1std/nios2eds/bin/gnu/h-x86_64-mingw32/bin/../lib/gcc/nios2-elf/12.3.1/../../../../../H-x86_64-mingw32/nios2-elf/lib\libc.a(libc_a-findfp.o)
 .data.__sglue  0x00100868        0xc c:/intelfpga_lite/23.1std/nios2eds/bin/gnu/h-x86_64-mingw32/bin/../lib/gcc/nios2-elf/12.3.1/../../../../../H-x86_64-mingw32/nios2-elf/lib\libc.a(libc_a-findfp.o)
                0x00100868                __sglue
 .data          0x00100874        0x0 c:/intelfpga_lite/23.1std/nios2eds/bin/gnu/h-x86_64-mingw32/bin/../lib/gcc/nios2-elf/12.3.1/../../../../../H-x86_64-mingw32/nios2-elf/lib\libc.a(libc_a-fopen.o)
 .data          0x00100874        0x0 c:/intelfpga_lite/23.1std/nios2eds/bin/gnu/h-x86_64-mingw32/bin/../lib/gcc/nios2-elf/12.3.1/../../../../../H-x86_64-mingw32/nios2-elf/lib\libc.a(libc_a-fread.o)
 .data          0x00100874        0x0 c:/intelfpga_lite/23.1std/nios2eds/bin/gnu/h-x86_64-mingw32/bin/../lib/gcc/nios2-elf/12.3.1/../../../../../H-x86_64-mingw32/nios2-elf/lib\libc.a(libc_a-fseek.o)
 .data          0x00100874        0x0 c:/intelfpga_lite/23.1std/nios2eds/bin/gnu/h-x86_64-mingw32/bin/../lib/gcc/nios2-elf/12.3.1/../../../../../H-x86_64-mingw32/nios2-elf/lib\libc.a(libc_a-fwalk.o)
 .data          0x00100874        0x0 c:/intelfpga_lite/23.1std/nios2eds/bin/gnu/h-x86_64-mingw32/bin/../lib/gcc/nios2-elf/12.3.1/../../../../../H-x86_64-mingw32/nios2-elf/lib\libc.a(libc_a-printf.o)
 .data          0x00100874        0x0 c:/intelfpga_lite/23.1std/nios2eds/bin/gnu/h-x86_64-mingw32/bin/../lib/gcc/nios2-elf/12.3.1/../../../../../H-x86_64-mingw32/nios2-elf/lib\libc.a(libc_a-putchar.o)
 .data          0x00100874        0x0 c:/intelfpga_lite/23.1std/nios2eds/bin/gnu/h-x86_64-mingw32/bin/../lib/gcc/nios2-elf/12.3.1/../../../../../H-x86_64-mingw32/nios2-elf/lib\libc.a(libc_a-puts.o)
 .data          0x00100874        0x0 c:/intelfpga_lite/23.1std/nios2eds/bin/gnu/h-x86_64-mingw32/bin/../lib/gcc/nios2-elf/12.3.1/../../../../../H-x86_64-mingw32/nios2-elf/lib\libc.a(libc_a-refill.o)
 .data          0x00100874        0x0 c:/intelfpga_lite/23.1std/nios2eds/bin/gnu/h-x86_64-mingw32/bin/../lib/gcc/nios2-elf/12.3.1/../../../../../H-x86_64-mingw32/nios2-elf/lib\libc.a(libc_a-stdio.o)
 .data          0x00100874        0x0 c:/intelfpga_lite/23.1std/nios2eds/bin/gnu/h-x86_64-mingw32/bin/../lib/gcc/nios2-elf/12.3.1/../../../../../H-x86_64-mingw32/nios2-elf/lib\libc.a(libc_a-fseeko.o)
 .data          0x00100874        0x0 c:/intelfpga_lite/23.1std/nios2eds/bin/gnu/h-x86_64-mingw32/bin/../lib/gcc/nios2-elf/12.3.1/../../../../../H-x86_64-mingw32/nios2-elf/lib\libc.a(libc_a-memcpy.o)
 .data          0x00100874        0x0 c:/intelfpga_lite/23.1std/nios2eds/bin/gnu/h-x86_64-mingw32/bin/../lib/gcc/nios2-elf/12.3.1/../../../../../H-x86_64-mingw32/nios2-elf/lib\libc.a(libc_a-memset.o)
 .data          0x00100874        0x0 c:/intelfpga_lite/23.1std/nios2eds/bin/gnu/h-x86_64-mingw32/bin/../lib/gcc/nios2-elf/12.3.1/../../../../../H-x86_64-mingw32/nios2-elf/lib\libc.a(libc_a-strlen.o)
 .data          0x00100874        0x0 c:/intelfpga_lite/23.1std/nios2eds/bin/gnu/h-x86_64-mingw32/bin/../lib/gcc/nios2-elf/12.3.1/../../../../../H-x86_64-mingw32/nios2-elf/lib\libc.a(libc_a-closer.o)
 .data          0x00100874        0x0 c:/intelfpga_lite/23.1std/nios2eds/bin/gnu/h-x86_64-mingw32/bin/../lib/gcc/nios2-elf/12.3.1/../../../../../H-x86_64-mingw32/nios2-elf/lib\libc.a(libc_a-reent.o)
 .data          0x00100874        0x0 c:/intelfpga_lite/23.1std/nios2eds/bin/gnu/h-x86_64-mingw32/bin/../lib/gcc/nios2-elf/12.3.1/../../../../../H-x86_64-mingw32/nios2-elf/lib\libc.a(libc_a-impure.o)
 .data._impure_data
                0x00100874      0x11c c:/intelfpga_lite/23.1std/nios2eds/bin/gnu/h-x86_64-mingw32/bin/../lib/gcc/nios2-elf/12.3.1/../../../../../H-x86_64-mingw32/nios2-elf/lib\libc.a(libc_a-impure.o)
                0x00100874                _impure_data
 .data          0x00100990        0x0 c:/intelfpga_lite/23.1std/nios2eds/bin/gnu/h-x86_64-mingw32/bin/../lib/gcc/nios2-elf/12.3.1/../../../../../H-x86_64-mingw32/nios2-elf/lib\libc.a(libc_a-fstatr.o)
 .data          0x00100990        0x0 c:/intelfpga_lite/23.1std/nios2eds/bin/gnu/h-x86_64-mingw32/bin/../lib/gcc/nios2-elf/12.3.1/../../../../../H-x86_64-mingw32/nios2-elf/lib\libc.a(libc_a-lseekr.o)
 .data          0x00100990        0x0 c:/intelfpga_lite/23.1std/nios2eds/bin/gnu/h-x86_64-mingw32/bin/../lib/gcc/nios2-elf/12.3.1/../../../../../H-x86_64-mingw32/nios2-elf/lib\libc.a(libc_a-openr.o)
 .data          0x00100990        0x0 c:/intelfpga_lite/23.1std/nios2eds/bin/gnu/h-x86_64-mingw32/bin/../lib/gcc/nios2-elf/12.3.1/../../../../../H-x86_64-mingw32/nios2-elf/lib\libc.a(libc_a-readr.o)
 .data          0x00100990        0x0 c:/intelfpga_lite/23.1std/nios2eds/bin/gnu/h-x86_64-mingw32/bin/../lib/gcc/nios2-elf/12.3.1/../../../../../H-x86_64-mingw32/nios2-elf/lib\libc.a(libc_a-writer.o)
 .data          0x00100990        0x0 c:/intelfpga_lite/23.1std/nios2eds/bin/gnu/h-x86_64-mingw32/bin/../lib/gcc/nios2-elf/12.3.1/../../../../../H-x86_64-mingw32/nios2-elf/lib\libc.a(libc_a-errno.o)
 .data          0x00100990        0x0 c:/intelfpga_lite/23.1std/nios2eds/bin/gnu/h-x86_64-mingw32/bin/../lib/gcc/nios2-elf/12.3.1/../../../../../H-x86_64-mingw32/nios2-elf/lib\libc.a(libc_a-__call_atexit.o)
 .data          0x00100990        0x0 c:/intelfpga_lite/23.1std/nios2eds/bin/gnu/h-x86_64-mingw32/bin/../lib/gcc/nios2-elf/12.3.1/../../../../../H-x86_64-mingw32/nios2-elf/lib\libc.a(libc_a-freer.o)
 .data          0x00100990        0x0 c:/intelfpga_lite/23.1std/nios2eds/bin/gnu/h-x86_64-mingw32/bin/../lib/gcc/nios2-elf/12.3.1/../../../../../H-x86_64-mingw32/nios2-elf/lib\libc.a(libc_a-mallocr.o)
 .data.__malloc_av_
                0x00100990      0x408 c:/intelfpga_lite/23.1std/nios2eds/bin/gnu/h-x86_64-mingw32/bin/../lib/gcc/nios2-elf/12.3.1/../../../../../H-x86_64-mingw32/nios2-elf/lib\libc.a(libc_a-mallocr.o)
                0x00100990                __malloc_av_
 .data          0x00100d98        0x0 c:/intelfpga_lite/23.1std/nios2eds/bin/gnu/h-x86_64-mingw32/bin/../lib/gcc/nios2-elf/12.3.1/../../../../../H-x86_64-mingw32/nios2-elf/lib\libc.a(libc_a-vfprintf.o)